writeback	Set up job	﻿2026-02-04T18:19:26.1547327Z Current runner version: '2.331.0'
writeback	Set up job	2026-02-04T18:19:26.1570707Z ##[group]Runner Image Provisioner
writeback	Set up job	2026-02-04T18:19:26.1571475Z Hosted Compute Agent
writeback	Set up job	2026-02-04T18:19:26.1571989Z Version: 20260123.484
writeback	Set up job	2026-02-04T18:19:26.1572542Z Commit: 6bd6555ca37d84114959e1c76d2c01448ff61c5d
writeback	Set up job	2026-02-04T18:19:26.1573158Z Build Date: 2026-01-23T19:41:17Z
writeback	Set up job	2026-02-04T18:19:26.1573729Z Worker ID: {b821240d-f00a-49c8-889f-b89aa68a278c}
writeback	Set up job	2026-02-04T18:19:26.1574379Z Azure Region: westus3
writeback	Set up job	2026-02-04T18:19:26.1574834Z ##[endgroup]
writeback	Set up job	2026-02-04T18:19:26.1576350Z ##[group]Operating System
writeback	Set up job	2026-02-04T18:19:26.1576878Z Ubuntu
writeback	Set up job	2026-02-04T18:19:26.1577301Z 24.04.3
writeback	Set up job	2026-02-04T18:19:26.1577669Z LTS
writeback	Set up job	2026-02-04T18:19:26.1578137Z ##[endgroup]
writeback	Set up job	2026-02-04T18:19:26.1578556Z ##[group]Runner Image
writeback	Set up job	2026-02-04T18:19:26.1579018Z Image: ubuntu-24.04
writeback	Set up job	2026-02-04T18:19:26.1579501Z Version: 20260126.10.1
writeback	Set up job	2026-02-04T18:19:26.1580355Z Included Software: https://github.com/actions/runner-images/blob/ubuntu24/20260126.10/images/ubuntu/Ubuntu2404-Readme.md
writeback	Set up job	2026-02-04T18:19:26.1581807Z Image Release: https://github.com/actions/runner-images/releases/tag/ubuntu24%2F20260126.10
writeback	Set up job	2026-02-04T18:19:26.1582581Z ##[endgroup]
writeback	Set up job	2026-02-04T18:19:26.1583651Z ##[group]GITHUB_TOKEN Permissions
writeback	Set up job	2026-02-04T18:19:26.1585655Z Contents: write
writeback	Set up job	2026-02-04T18:19:26.1586122Z Metadata: read
writeback	Set up job	2026-02-04T18:19:26.1586671Z PullRequests: write
writeback	Set up job	2026-02-04T18:19:26.1587097Z Statuses: write
writeback	Set up job	2026-02-04T18:19:26.1587544Z ##[endgroup]
writeback	Set up job	2026-02-04T18:19:26.1589578Z Secret source: Actions
writeback	Set up job	2026-02-04T18:19:26.1590250Z Prepare workflow directory
writeback	Set up job	2026-02-04T18:19:26.1945684Z Prepare all required actions
writeback	Set up job	2026-02-04T18:19:26.1983768Z Getting action download info
writeback	Set up job	2026-02-04T18:19:26.5761842Z Download action repository 'actions/checkout@v4' (SHA:34e114876b0b11c390a56381ad16ebd13914f8d5)
writeback	Set up job	2026-02-04T18:19:26.7588331Z Complete job name: writeback
writeback	Checkout	﻿2026-02-04T18:19:26.8212733Z ##[group]Run actions/checkout@v4
writeback	Checkout	2026-02-04T18:19:26.8213631Z with:
writeback	Checkout	2026-02-04T18:19:26.8214153Z   fetch-depth: 0
writeback	Checkout	2026-02-04T18:19:26.8214606Z   repository: Osuu-ops/yorisoidou-system
writeback	Checkout	2026-02-04T18:19:26.8215508Z   token: ***
writeback	Checkout	2026-02-04T18:19:26.8216019Z   ssh-strict: true
writeback	Checkout	2026-02-04T18:19:26.8216424Z   ssh-user: git
writeback	Checkout	2026-02-04T18:19:26.8216852Z   persist-credentials: true
writeback	Checkout	2026-02-04T18:19:26.8217352Z   clean: true
writeback	Checkout	2026-02-04T18:19:26.8217873Z   sparse-checkout-cone-mode: true
writeback	Checkout	2026-02-04T18:19:26.8218406Z   fetch-tags: false
writeback	Checkout	2026-02-04T18:19:26.8218848Z   show-progress: true
writeback	Checkout	2026-02-04T18:19:26.8219287Z   lfs: false
writeback	Checkout	2026-02-04T18:19:26.8219657Z   submodules: false
writeback	Checkout	2026-02-04T18:19:26.8220127Z   set-safe-directory: true
writeback	Checkout	2026-02-04T18:19:26.8221181Z ##[endgroup]
writeback	Checkout	2026-02-04T18:19:26.9219293Z Syncing repository: Osuu-ops/yorisoidou-system
writeback	Checkout	2026-02-04T18:19:26.9221103Z ##[group]Getting Git version info
writeback	Checkout	2026-02-04T18:19:26.9221851Z Working directory is '/home/runner/work/yorisoidou-system/yorisoidou-system'
writeback	Checkout	2026-02-04T18:19:26.9223151Z [command]/usr/bin/git version
writeback	Checkout	2026-02-04T18:19:26.9267595Z git version 2.52.0
writeback	Checkout	2026-02-04T18:19:26.9290163Z ##[endgroup]
writeback	Checkout	2026-02-04T18:19:26.9311063Z Temporarily overriding HOME='/home/runner/work/_temp/0a12ff6f-7aa0-497c-95f4-f5f287c32ec2' before making global git config changes
writeback	Checkout	2026-02-04T18:19:26.9313343Z Adding repository directory to the temporary git global config as a safe directory
writeback	Checkout	2026-02-04T18:19:26.9317667Z [command]/usr/bin/git config --global --add safe.directory /home/runner/work/yorisoidou-system/yorisoidou-system
writeback	Checkout	2026-02-04T18:19:26.9350470Z Deleting the contents of '/home/runner/work/yorisoidou-system/yorisoidou-system'
writeback	Checkout	2026-02-04T18:19:26.9353728Z ##[group]Initializing the repository
writeback	Checkout	2026-02-04T18:19:26.9358476Z [command]/usr/bin/git init /home/runner/work/yorisoidou-system/yorisoidou-system
writeback	Checkout	2026-02-04T18:19:26.9444887Z hint: Using 'master' as the name for the initial branch. This default branch name
writeback	Checkout	2026-02-04T18:19:26.9446260Z hint: will change to "main" in Git 3.0. To configure the initial branch name
writeback	Checkout	2026-02-04T18:19:26.9447748Z hint: to use in all of your new repositories, which will suppress this warning,
writeback	Checkout	2026-02-04T18:19:26.9449515Z hint: call:
writeback	Checkout	2026-02-04T18:19:26.9450121Z hint:
writeback	Checkout	2026-02-04T18:19:26.9450745Z hint: 	git config --global init.defaultBranch <name>
writeback	Checkout	2026-02-04T18:19:26.9451546Z hint:
writeback	Checkout	2026-02-04T18:19:26.9452366Z hint: Names commonly chosen instead of 'master' are 'main', 'trunk' and
writeback	Checkout	2026-02-04T18:19:26.9453408Z hint: 'development'. The just-created branch can be renamed via this command:
writeback	Checkout	2026-02-04T18:19:26.9454300Z hint:
writeback	Checkout	2026-02-04T18:19:26.9454765Z hint: 	git branch -m <name>
writeback	Checkout	2026-02-04T18:19:26.9455680Z hint:
writeback	Checkout	2026-02-04T18:19:26.9456418Z hint: Disable this message with "git config set advice.defaultBranchName false"
writeback	Checkout	2026-02-04T18:19:26.9457980Z Initialized empty Git repository in /home/runner/work/yorisoidou-system/yorisoidou-system/.git/
writeback	Checkout	2026-02-04T18:19:26.9460228Z [command]/usr/bin/git remote add origin https://github.com/Osuu-ops/yorisoidou-system
writeback	Checkout	2026-02-04T18:19:26.9485911Z ##[endgroup]
writeback	Checkout	2026-02-04T18:19:26.9486809Z ##[group]Disabling automatic garbage collection
writeback	Checkout	2026-02-04T18:19:26.9489666Z [command]/usr/bin/git config --local gc.auto 0
writeback	Checkout	2026-02-04T18:19:26.9515722Z ##[endgroup]
writeback	Checkout	2026-02-04T18:19:26.9516928Z ##[group]Setting up auth
writeback	Checkout	2026-02-04T18:19:26.9523063Z [command]/usr/bin/git config --local --name-only --get-regexp core\.sshCommand
writeback	Checkout	2026-02-04T18:19:26.9549421Z [command]/usr/bin/git submodule foreach --recursive sh -c "git config --local --name-only --get-regexp 'core\.sshCommand' && git config --local --unset-all 'core.sshCommand' || :"
writeback	Checkout	2026-02-04T18:19:26.9820431Z [command]/usr/bin/git config --local --name-only --get-regexp http\.https\:\/\/github\.com\/\.extraheader
writeback	Checkout	2026-02-04T18:19:26.9845248Z [command]/usr/bin/git submodule foreach --recursive sh -c "git config --local --name-only --get-regexp 'http\.https\:\/\/github\.com\/\.extraheader' && git config --local --unset-all 'http.https://github.com/.extraheader' || :"
writeback	Checkout	2026-02-04T18:19:27.0019475Z [command]/usr/bin/git config --local --name-only --get-regexp ^includeIf\.gitdir:
writeback	Checkout	2026-02-04T18:19:27.0049348Z [command]/usr/bin/git submodule foreach --recursive git config --local --show-origin --name-only --get-regexp remote.origin.url
writeback	Checkout	2026-02-04T18:19:27.0217107Z [command]/usr/bin/git config --local http.https://github.com/.extraheader AUTHORIZATION: basic ***
writeback	Checkout	2026-02-04T18:19:27.0244546Z ##[endgroup]
writeback	Checkout	2026-02-04T18:19:27.0246046Z ##[group]Fetching the repository
writeback	Checkout	2026-02-04T18:19:27.0253616Z [command]/usr/bin/git -c protocol.version=2 fetch --prune --no-recurse-submodules origin +refs/heads/*:refs/remotes/origin/* +refs/tags/*:refs/tags/*
writeback	Checkout	2026-02-04T18:19:28.2198151Z From https://github.com/Osuu-ops/yorisoidou-system
writeback	Checkout	2026-02-04T18:19:28.2200547Z  * [new branch]      Osuu-ops-patch-1        -> origin/Osuu-ops-patch-1
writeback	Checkout	2026-02-04T18:19:28.2202508Z  * [new branch]      Osuu-ops-patch-2        -> origin/Osuu-ops-patch-2
writeback	Checkout	2026-02-04T18:19:28.2204612Z  * [new branch]      Osuu-ops-patch-3        -> origin/Osuu-ops-patch-3
writeback	Checkout	2026-02-04T18:19:28.2206460Z  * [new branch]      Osuu-ops-patch-4        -> origin/Osuu-ops-patch-4
writeback	Checkout	2026-02-04T18:19:28.2207490Z  * [new branch]      Osuu-ops-patch-6        -> origin/Osuu-ops-patch-6
writeback	Checkout	2026-02-04T18:19:28.2208811Z  * [new branch]      Osuu-ops-patch-7        -> origin/Osuu-ops-patch-7
writeback	Checkout	2026-02-04T18:19:28.2211053Z  * [new branch]      auto/add_gate3_approve_20260203_032406 -> origin/auto/add_gate3_approve_20260203_032406
writeback	Checkout	2026-02-04T18:19:28.2213774Z  * [new branch]      auto/add_gates_0_1_2_20260203_030507 -> origin/auto/add_gates_0_1_2_20260203_030507
writeback	Checkout	2026-02-04T18:19:28.2217160Z  * [new branch]      auto/append_ruleset_required_checks_evidence_20260202_210616 -> origin/auto/append_ruleset_required_checks_evidence_20260202_210616
writeback	Checkout	2026-02-04T18:19:28.2220672Z  * [new branch]      auto/audit_self-heal-401_20260202_222016 -> origin/auto/audit_self-heal-401_20260202_222016
writeback	Checkout	2026-02-04T18:19:28.2223555Z  * [new branch]      auto/audit_self-heal-401_v2_20260202_222526 -> origin/auto/audit_self-heal-401_v2_20260202_222526
writeback	Checkout	2026-02-04T18:19:28.2226584Z  * [new branch]      auto/bundle-regenerate_20260201_052347 -> origin/auto/bundle-regenerate_20260201_052347
writeback	Checkout	2026-02-04T18:19:28.2229905Z  * [new branch]      auto/bundle_gate-exit-stop-contract_20260202_221729 -> origin/auto/bundle_gate-exit-stop-contract_20260202_221729
writeback	Checkout	2026-02-04T18:19:28.2233039Z  * [new branch]      auto/bundled-entry-exit_20260203_034903 -> origin/auto/bundled-entry-exit_20260203_034903
writeback	Checkout	2026-02-04T18:19:28.2234587Z  * [new branch]      auto/bundled-ruleset-block_20260203_035936 -> origin/auto/bundled-ruleset-block_20260203_035936
writeback	Checkout	2026-02-04T18:19:28.2236290Z  * [new branch]      auto/bundled-ruleset-checks_20260203_035537 -> origin/auto/bundled-ruleset-checks_20260203_035537
writeback	Checkout	2026-02-04T18:19:28.2238205Z  * [new branch]      auto/doneB_audit_cutter_20260202_011109 -> origin/auto/doneB_audit_cutter_20260202_011109
writeback	Checkout	2026-02-04T18:19:28.2241189Z  * [new branch]      auto/evidence-bundle-version_20260131_142601 -> origin/auto/evidence-bundle-version_20260131_142601
writeback	Checkout	2026-02-04T18:19:28.2244253Z  * [new branch]      auto/fix-422-env-emptystring_20260201_002638 -> origin/auto/fix-422-env-emptystring_20260201_002638
writeback	Checkout	2026-02-04T18:19:28.2246589Z  * [new branch]      auto/fix-422-env-indent_20260201_002800 -> origin/auto/fix-422-env-indent_20260201_002800
writeback	Checkout	2026-02-04T18:19:28.2249497Z  * [new branch]      auto/fix-current-scope-format_20260203_162531 -> origin/auto/fix-current-scope-format_20260203_162531
writeback	Checkout	2026-02-04T18:19:28.2252434Z  * [new branch]      auto/fix-dispatch-yaml-line61_20260201_013210 -> origin/auto/fix-dispatch-yaml-line61_20260201_013210
writeback	Checkout	2026-02-04T18:19:28.2254096Z  * [new branch]      auto/fix-evidence-dispatch-shellpwsh_20260131_031856 -> origin/auto/fix-evidence-dispatch-shellpwsh_20260131_031856
writeback	Checkout	2026-02-04T18:19:28.2255973Z  * [new branch]      auto/fix-failing-checks_20260201_042630 -> origin/auto/fix-failing-checks_20260201_042630
writeback	Checkout	2026-02-04T18:19:28.2257368Z  * [new branch]      auto/fix-fullstep-env-indent_20260201_013355 -> origin/auto/fix-fullstep-env-indent_20260201_013355
writeback	Checkout	2026-02-04T18:19:28.2259189Z  * [new branch]      auto/fix-fullstep-gh-token-value_20260201_014752 -> origin/auto/fix-fullstep-gh-token-value_20260201_014752
writeback	Checkout	2026-02-04T18:19:28.2260657Z  * [new branch]      auto/fix-handoff-bundled_20260203_041350 -> origin/auto/fix-handoff-bundled_20260203_041350
writeback	Checkout	2026-02-04T18:19:28.2263278Z  * [new branch]      auto/fix-parse-mep_writeback_bundle_ps1_20260131_005221 -> origin/auto/fix-parse-mep_writeback_bundle_ps1_20260131_005221
writeback	Checkout	2026-02-04T18:19:28.2266878Z  * [new branch]      auto/fix-tool-evidence-latest_20260131_145200 -> origin/auto/fix-tool-evidence-latest_20260131_145200
writeback	Checkout	2026-02-04T18:19:28.2269372Z  * [new branch]      auto/fix-wf-fullstep-gh-token_20260201_011204 -> origin/auto/fix-wf-fullstep-gh-token_20260201_011204
writeback	Checkout	2026-02-04T18:19:28.2270932Z  * [new branch]      auto/fix-wf-fullstep-gh-token_20260201_011423 -> origin/auto/fix-wf-fullstep-gh-token_20260201_011423
writeback	Checkout	2026-02-04T18:19:28.2272343Z  * [new branch]      auto/fix-workflow-create-pr_20260131_024948 -> origin/auto/fix-workflow-create-pr_20260131_024948
writeback	Checkout	2026-02-04T18:19:28.2273872Z  * [new branch]      auto/fix-writeback-bundle-create-pr_20260131_024016 -> origin/auto/fix-writeback-bundle-create-pr_20260131_024016
writeback	Checkout	2026-02-04T18:19:28.2275809Z  * [new branch]      auto/fix-writeback-bundle-parsererror_20260131_030611 -> origin/auto/fix-writeback-bundle-parsererror_20260131_030611
writeback	Checkout	2026-02-04T18:19:28.2277367Z  * [new branch]      auto/fix-writeback-yamlline78_20260202_011803 -> origin/auto/fix-writeback-yamlline78_20260202_011803
writeback	Checkout	2026-02-04T18:19:28.2278717Z  * [new branch]      auto/fix-yaml-env-map_20260201_002418 -> origin/auto/fix-yaml-env-map_20260201_002418
writeback	Checkout	2026-02-04T18:19:28.2280014Z  * [new branch]      auto/fix_actions_auth_20260203_023617 -> origin/auto/fix_actions_auth_20260203_023617
writeback	Checkout	2026-02-04T18:19:28.2281309Z  * [new branch]      auto/fix_forbid_pr0_evidence_20260201_011451 -> origin/auto/fix_forbid_pr0_evidence_20260201_011451
writeback	Checkout	2026-02-04T18:19:28.2282651Z  * [new branch]      auto/fix_gate2_approval_20260203_033408 -> origin/auto/fix_gate2_approval_20260203_033408
writeback	Checkout	2026-02-04T18:19:28.2284206Z  * [new branch]      auto/fix_handoff_and_append_20260203_160933 -> origin/auto/fix_handoff_and_append_20260203_160933
writeback	Checkout	2026-02-04T18:19:28.2285627Z  * [new branch]      auto/fix_handoff_and_append_20260203_161135 -> origin/auto/fix_handoff_and_append_20260203_161135
writeback	Checkout	2026-02-04T18:19:28.2286980Z  * [new branch]      auto/fix_handoff_evidence_20260202_203243 -> origin/auto/fix_handoff_evidence_20260202_203243
writeback	Checkout	2026-02-04T18:19:28.2288395Z  * [new branch]      auto/fix_handoff_meta_defaults_20260202_234308 -> origin/auto/fix_handoff_meta_defaults_20260202_234308
writeback	Checkout	2026-02-04T18:19:28.2289887Z  * [new branch]      auto/fix_handoff_meta_defaults_v2_20260202_234615 -> origin/auto/fix_handoff_meta_defaults_v2_20260202_234615
writeback	Checkout	2026-02-04T18:19:28.2291338Z  * [new branch]      auto/fix_mep_handoff_anchors_20260204_025058 -> origin/auto/fix_mep_handoff_anchors_20260204_025058
writeback	Checkout	2026-02-04T18:19:28.2292747Z  * [new branch]      auto/fix_mep_handoff_l487_20260203_162733 -> origin/auto/fix_mep_handoff_l487_20260203_162733
writeback	Checkout	2026-02-04T18:19:28.2294108Z  * [new branch]      auto/fix_mep_handoff_parser_20260203_171631 -> origin/auto/fix_mep_handoff_parser_20260203_171631
writeback	Checkout	2026-02-04T18:19:28.2295651Z  * [new branch]      auto/fix_mep_handoff_parser_20260203_171908 -> origin/auto/fix_mep_handoff_parser_20260203_171908
writeback	Checkout	2026-02-04T18:19:28.2297197Z  * [new branch]      auto/fix_mep_handoff_parser_and_anchors_20260203_162532 -> origin/auto/fix_mep_handoff_parser_and_anchors_20260203_162532
writeback	Checkout	2026-02-04T18:19:28.2298767Z  * [new branch]      auto/fix_mep_handoff_parser_min_20260203_173123 -> origin/auto/fix_mep_handoff_parser_min_20260203_173123
writeback	Checkout	2026-02-04T18:19:28.2300196Z  * [new branch]      auto/fix_scope_guard_scopein_20260131_032751 -> origin/auto/fix_scope_guard_scopein_20260131_032751
writeback	Checkout	2026-02-04T18:19:28.2301581Z  * [new branch]      auto/fix_self-heal-401_20260202_234830 -> origin/auto/fix_self-heal-401_20260202_234830
writeback	Checkout	2026-02-04T18:19:28.2303065Z  * [new branch]      auto/fix_workflow_parse_422_20260201_001052 -> origin/auto/fix_workflow_parse_422_20260201_001052
writeback	Checkout	2026-02-04T18:19:28.2304511Z  * [new branch]      auto/fix_workflow_use_github_token_20260201_003441 -> origin/auto/fix_workflow_use_github_token_20260201_003441
writeback	Checkout	2026-02-04T18:19:28.2306227Z  * [new branch]      auto/fix_writeback_yaml_20260201_180245 -> origin/auto/fix_writeback_yaml_20260201_180245
writeback	Checkout	2026-02-04T18:19:28.2307848Z  * [new branch]      auto/gate_add_draftlane_status_intent_blastradius_20260201_174434 -> origin/auto/gate_add_draftlane_status_intent_blastradius_20260201_174434
writeback	Checkout	2026-02-04T18:19:28.2309522Z  * [new branch]      auto/handoff_next_no_rollback_20260131_035435 -> origin/auto/handoff_next_no_rollback_20260131_035435
writeback	Checkout	2026-02-04T18:19:28.2407512Z  * [new branch]      auto/handoff_two_line/20260131_205224 -> origin/auto/handoff_two_line/20260131_205224
writeback	Checkout	2026-02-04T18:19:28.2408976Z  * [new branch]      auto/impl_entry_exit_contract_20260203_014436 -> origin/auto/impl_entry_exit_contract_20260203_014436
writeback	Checkout	2026-02-04T18:19:28.2410330Z  * [new branch]      auto/intentional-block_20260203_035936 -> origin/auto/intentional-block_20260203_035936
writeback	Checkout	2026-02-04T18:19:28.2411651Z  * [new branch]      auto/repair_pr0_guard_v2_syntax_20260201_014947 -> origin/auto/repair_pr0_guard_v2_syntax_20260201_014947
writeback	Checkout	2026-02-04T18:19:28.2413119Z  * [new branch]      auto/restore_mep_append_evidence_line_20260203_144646 -> origin/auto/restore_mep_append_evidence_line_20260203_144646
writeback	Checkout	2026-02-04T18:19:28.2414623Z  * [new branch]      auto/sync-evidence-to-parent_run_21546535838 -> origin/auto/sync-evidence-to-parent_run_21546535838
writeback	Checkout	2026-02-04T18:19:28.2416229Z  * [new branch]      auto/sync-evidence-to-parent_run_21546680334 -> origin/auto/sync-evidence-to-parent_run_21546680334
writeback	Checkout	2026-02-04T18:19:28.2417587Z  * [new branch]      auto/sync-evidence-to-parent_run_21546693060 -> origin/auto/sync-evidence-to-parent_run_21546693060
writeback	Checkout	2026-02-04T18:19:28.2419168Z  * [new branch]      auto/system_completionB_ruleset_required_checks_20260203_042809 -> origin/auto/system_completionB_ruleset_required_checks_20260203_042809
writeback	Checkout	2026-02-04T18:19:28.2420964Z  * [new branch]      auto/wire-full-evidence_20260201_001926 -> origin/auto/wire-full-evidence_20260201_001926
writeback	Checkout	2026-02-04T18:19:28.2422372Z  * [new branch]      auto/writeback-bundle_21599170055_1625_20260202_165124 -> origin/auto/writeback-bundle_21599170055_1625_20260202_165124
writeback	Checkout	2026-02-04T18:19:28.2423928Z  * [new branch]      auto/writeback-bundle_21618709061_1676_20260203_054707 -> origin/auto/writeback-bundle_21618709061_1676_20260203_054707
writeback	Checkout	2026-02-04T18:19:28.2425846Z  * [new branch]      auto/writeback-bundle_21618898696_1660_20260203_055542 -> origin/auto/writeback-bundle_21618898696_1660_20260203_055542
writeback	Checkout	2026-02-04T18:19:28.2427448Z  * [new branch]      auto/writeback-bundle_21620934793_1675_20260203_072109 -> origin/auto/writeback-bundle_21620934793_1675_20260203_072109
writeback	Checkout	2026-02-04T18:19:28.2429046Z  * [new branch]      auto/writeback-bundle_21641797533_1693_20260203_180401 -> origin/auto/writeback-bundle_21641797533_1693_20260203_180401
writeback	Checkout	2026-02-04T18:19:28.2430587Z  * [new branch]      auto/writeback-bundle_21642830139_1700_20260203_183557 -> origin/auto/writeback-bundle_21642830139_1700_20260203_183557
writeback	Checkout	2026-02-04T18:19:28.2432117Z  * [new branch]      auto/writeback-bundle_21644897579_1715_20260203_193927 -> origin/auto/writeback-bundle_21644897579_1715_20260203_193927
writeback	Checkout	2026-02-04T18:19:28.2433652Z  * [new branch]      auto/writeback-bundle_21646778137_1722_20260203_203335 -> origin/auto/writeback-bundle_21646778137_1722_20260203_203335
writeback	Checkout	2026-02-04T18:19:28.2435302Z  * [new branch]      auto/writeback-bundle_21646875932_1722_20260203_203633 -> origin/auto/writeback-bundle_21646875932_1722_20260203_203633
writeback	Checkout	2026-02-04T18:19:28.2436843Z  * [new branch]      auto/writeback-bundle_21647328212_1717_20260203_205055 -> origin/auto/writeback-bundle_21647328212_1717_20260203_205055
writeback	Checkout	2026-02-04T18:19:28.2438534Z  * [new branch]      auto/writeback-bundle_21650340852_1734_20260203_222951 -> origin/auto/writeback-bundle_21650340852_1734_20260203_222951
writeback	Checkout	2026-02-04T18:19:28.2440103Z  * [new branch]      auto/writeback-bundle_21650455517_1727_20260203_223353 -> origin/auto/writeback-bundle_21650455517_1727_20260203_223353
writeback	Checkout	2026-02-04T18:19:28.2441640Z  * [new branch]      auto/writeback-bundle_21650673664_1727_20260203_224151 -> origin/auto/writeback-bundle_21650673664_1727_20260203_224151
writeback	Checkout	2026-02-04T18:19:28.2443169Z  * [new branch]      auto/writeback-bundle_21652490395_1748_20260203_235402 -> origin/auto/writeback-bundle_21652490395_1748_20260203_235402
writeback	Checkout	2026-02-04T18:19:28.2444688Z  * [new branch]      auto/writeback-bundle_21652659466_1748_20260204_000108 -> origin/auto/writeback-bundle_21652659466_1748_20260204_000108
writeback	Checkout	2026-02-04T18:19:28.2446330Z  * [new branch]      auto/writeback-bundle_21652715282_1748_20260204_000320 -> origin/auto/writeback-bundle_21652715282_1748_20260204_000320
writeback	Checkout	2026-02-04T18:19:28.2447869Z  * [new branch]      auto/writeback-bundle_21653215204_1738_20260204_002400 -> origin/auto/writeback-bundle_21653215204_1738_20260204_002400
writeback	Checkout	2026-02-04T18:19:28.2449403Z  * [new branch]      auto/writeback-bundle_21653219605_1727_20260204_002407 -> origin/auto/writeback-bundle_21653219605_1727_20260204_002407
writeback	Checkout	2026-02-04T18:19:28.2450978Z  * [new branch]      auto/writeback-bundle_21653419328_1738_20260204_003245 -> origin/auto/writeback-bundle_21653419328_1738_20260204_003245
writeback	Checkout	2026-02-04T18:19:28.2452519Z  * [new branch]      auto/writeback-bundle_21654157365_1752_20260204_010357 -> origin/auto/writeback-bundle_21654157365_1752_20260204_010357
writeback	Checkout	2026-02-04T18:19:28.2454043Z  * [new branch]      auto/writeback-bundle_21655226625_1756_20260204_015203 -> origin/auto/writeback-bundle_21655226625_1756_20260204_015203
writeback	Checkout	2026-02-04T18:19:28.2455733Z  * [new branch]      auto/writeback-bundle_21661964624_1756_20260204_070438 -> origin/auto/writeback-bundle_21661964624_1756_20260204_070438
writeback	Checkout	2026-02-04T18:19:28.2457264Z  * [new branch]      auto/writeback-bundle_21661966961_1756_20260204_070443 -> origin/auto/writeback-bundle_21661966961_1756_20260204_070443
writeback	Checkout	2026-02-04T18:19:28.2458905Z  * [new branch]      auto/writeback-bundle_21667882178_1756_20260204_102830 -> origin/auto/writeback-bundle_21667882178_1756_20260204_102830
writeback	Checkout	2026-02-04T18:19:28.2460536Z  * [new branch]      auto/writeback-bundle_21667883480_1756_20260204_102829 -> origin/auto/writeback-bundle_21667883480_1756_20260204_102829
writeback	Checkout	2026-02-04T18:19:28.2462122Z  * [new branch]      auto/writeback-bundle_21667958852_1756_20260204_103056 -> origin/auto/writeback-bundle_21667958852_1756_20260204_103056
writeback	Checkout	2026-02-04T18:19:28.2463677Z  * [new branch]      auto/writeback-bundle_21667970429_1756_20260204_103114 -> origin/auto/writeback-bundle_21667970429_1756_20260204_103114
writeback	Checkout	2026-02-04T18:19:28.2465351Z  * [new branch]      auto/writeback-bundle_21668040675_1756_20260204_103331 -> origin/auto/writeback-bundle_21668040675_1756_20260204_103331
writeback	Checkout	2026-02-04T18:19:28.2466907Z  * [new branch]      auto/writeback-bundle_21668083611_1757_20260204_103457 -> origin/auto/writeback-bundle_21668083611_1757_20260204_103457
writeback	Checkout	2026-02-04T18:19:28.2468487Z  * [new branch]      auto/writeback-bundle_21668141455_1757_20260204_103648 -> origin/auto/writeback-bundle_21668141455_1757_20260204_103648
writeback	Checkout	2026-02-04T18:19:28.2470044Z  * [new branch]      auto/writeback-bundle_21668221681_1757_20260204_103927 -> origin/auto/writeback-bundle_21668221681_1757_20260204_103927
writeback	Checkout	2026-02-04T18:19:28.2471591Z  * [new branch]      auto/writeback-bundle_21671363652_1776_20260204_122546 -> origin/auto/writeback-bundle_21671363652_1776_20260204_122546
writeback	Checkout	2026-02-04T18:19:28.2473144Z  * [new branch]      auto/writeback-bundle_21671809226_1774_20260204_124048 -> origin/auto/writeback-bundle_21671809226_1774_20260204_124048
writeback	Checkout	2026-02-04T18:19:28.2474693Z  * [new branch]      auto/writeback-bundle_21671874769_1774_20260204_124254 -> origin/auto/writeback-bundle_21671874769_1774_20260204_124254
writeback	Checkout	2026-02-04T18:19:28.2476350Z  * [new branch]      auto/writeback-bundle_21672225963_1780_20260204_125426 -> origin/auto/writeback-bundle_21672225963_1780_20260204_125426
writeback	Checkout	2026-02-04T18:19:28.2478029Z  * [new branch]      auto/writeback-bundle_21672504533_1782_20260204_130329 -> origin/auto/writeback-bundle_21672504533_1782_20260204_130329
writeback	Checkout	2026-02-04T18:19:28.2479569Z  * [new branch]      auto/writeback-bundle_21672688608_1782_20260204_130919 -> origin/auto/writeback-bundle_21672688608_1782_20260204_130919
writeback	Checkout	2026-02-04T18:19:28.2481127Z  * [new branch]      auto/writeback-bundle_21673137426_1783_20260204_132348 -> origin/auto/writeback-bundle_21673137426_1783_20260204_132348
writeback	Checkout	2026-02-04T18:19:28.2482676Z  * [new branch]      auto/writeback-bundle_21673401249_1784_20260204_133155 -> origin/auto/writeback-bundle_21673401249_1784_20260204_133155
writeback	Checkout	2026-02-04T18:19:28.2484220Z  * [new branch]      auto/writeback-bundle_21673423341_1785_20260204_133233 -> origin/auto/writeback-bundle_21673423341_1785_20260204_133233
writeback	Checkout	2026-02-04T18:19:28.2485934Z  * [new branch]      auto/writeback-bundle_21673600821_1788_20260204_133812 -> origin/auto/writeback-bundle_21673600821_1788_20260204_133812
writeback	Checkout	2026-02-04T18:19:28.2487494Z  * [new branch]      auto/writeback-bundle_21676313124_1795_20260204_145652 -> origin/auto/writeback-bundle_21676313124_1795_20260204_145652
writeback	Checkout	2026-02-04T18:19:28.2489044Z  * [new branch]      auto/writeback-bundle_21677047331_1774_20260204_151720 -> origin/auto/writeback-bundle_21677047331_1774_20260204_151720
writeback	Checkout	2026-02-04T18:19:28.2490600Z  * [new branch]      auto/writeback-bundle_21680765223_1806_20260204_170447 -> origin/auto/writeback-bundle_21680765223_1806_20260204_170447
writeback	Checkout	2026-02-04T18:19:28.2492141Z  * [new branch]      auto/writeback-bundle_21682906578_1808_20260204_181121 -> origin/auto/writeback-bundle_21682906578_1808_20260204_181121
writeback	Checkout	2026-02-04T18:19:28.2493697Z  * [new branch]      auto/writeback-bundle_21682982096_1809_20260204_181340 -> origin/auto/writeback-bundle_21682982096_1809_20260204_181340
writeback	Checkout	2026-02-04T18:19:28.2495545Z  * [new branch]      auto/writeback-bundle_21683145407_1809_20260204_181842 -> origin/auto/writeback-bundle_21683145407_1809_20260204_181842
writeback	Checkout	2026-02-04T18:19:28.2497234Z  * [new branch]      auto/writeback-bundle_21683159969_1809_20260204_181907 -> origin/auto/writeback-bundle_21683159969_1809_20260204_181907
writeback	Checkout	2026-02-04T18:19:28.2498815Z  * [new branch]      auto/writeback-evidence_21678049218_1805_20260204_154513 -> origin/auto/writeback-evidence_21678049218_1805_20260204_154513
writeback	Checkout	2026-02-04T18:19:28.2500124Z  * [new branch]      backup/crash-20260107-011333 -> origin/backup/crash-20260107-011333
writeback	Checkout	2026-02-04T18:19:28.2501108Z  * [new branch]      backup/crash-20260107-013037 -> origin/backup/crash-20260107-013037
writeback	Checkout	2026-02-04T18:19:28.2502351Z  * [new branch]      biz/alertlabels-recalc-trigger-20260104-200205 -> origin/biz/alertlabels-recalc-trigger-20260104-200205
writeback	Checkout	2026-02-04T18:19:28.2503782Z  * [new branch]      biz/expense-business-master-20260104-052234 -> origin/biz/expense-business-master-20260104-052234
writeback	Checkout	2026-02-04T18:19:28.2505421Z  * [new branch]      biz/expense-business-spec-20260104-052212 -> origin/biz/expense-business-spec-20260104-052212
writeback	Checkout	2026-02-04T18:19:28.2506816Z  * [new branch]      biz/fix-review-rootcause-dup-20260104-203953 -> origin/biz/fix-review-rootcause-dup-20260104-203953
writeback	Checkout	2026-02-04T18:19:28.2508210Z  * [new branch]      biz/health-score-deductions-20260104-183134 -> origin/biz/health-score-deductions-20260104-183134
writeback	Checkout	2026-02-04T18:19:28.2509573Z  * [new branch]      biz/inconsistency-signals-20260104-194245 -> origin/biz/inconsistency-signals-20260104-194245
writeback	Checkout	2026-02-04T18:19:28.2510925Z  * [new branch]      biz/management-alert-labels-20260104-194416 -> origin/biz/management-alert-labels-20260104-194416
writeback	Checkout	2026-02-04T18:19:28.2512325Z  * [new branch]      biz/master-spec-lf-normalize-20260104-193832 -> origin/biz/master-spec-lf-normalize-20260104-193832
writeback	Checkout	2026-02-04T18:19:28.2513797Z  * [new branch]      biz/order-alertlabels-columns-fix-20260104-195904 -> origin/biz/order-alertlabels-columns-fix-20260104-195904
writeback	Checkout	2026-02-04T18:19:28.2515474Z  * [new branch]      biz/order-alertlabels-field-20260104-195223 -> origin/biz/order-alertlabels-field-20260104-195223
writeback	Checkout	2026-02-04T18:19:28.2516836Z  * [new branch]      biz/order-business-master-20260104-045819 -> origin/biz/order-business-master-20260104-045819
writeback	Checkout	2026-02-04T18:19:28.2518144Z  * [new branch]      biz/order-business-master-20260104-050019 -> origin/biz/order-business-master-20260104-050019
writeback	Checkout	2026-02-04T18:19:28.2519479Z  * [new branch]      biz/parts-business-master-20260104-051732 -> origin/biz/parts-business-master-20260104-051732
writeback	Checkout	2026-02-04T18:19:28.2520780Z  * [new branch]      biz/parts-business-spec-20260104-051453 -> origin/biz/parts-business-spec-20260104-051453
writeback	Checkout	2026-02-04T18:19:28.2522143Z  * [new branch]      biz/phase1-parts-expense-docs-20260104-210346 -> origin/biz/phase1-parts-expense-docs-20260104-210346
writeback	Checkout	2026-02-04T18:19:28.2523554Z  * [new branch]      biz/photo-sufficiency-rules-20260104-194018 -> origin/biz/photo-sufficiency-rules-20260104-194018
writeback	Checkout	2026-02-04T18:19:28.2525210Z  * [new branch]      biz/request-resolution-metadata-contract-20260104-201319 -> origin/biz/request-resolution-metadata-contract-20260104-201319
writeback	Checkout	2026-02-04T18:19:28.2526778Z  * [new branch]      biz/request-status-contract-20260104-200542 -> origin/biz/request-status-contract-20260104-200542
writeback	Checkout	2026-02-04T18:19:28.2528141Z  * [new branch]      biz/review-rootcause-keys-20260104-203610 -> origin/biz/review-rootcause-keys-20260104-203610
writeback	Checkout	2026-02-04T18:19:28.2529561Z  * [new branch]      biz/review-rootcause-schema-keys2-20260104-204820 -> origin/biz/review-rootcause-schema-keys2-20260104-204820
writeback	Checkout	2026-02-04T18:19:28.2530965Z  * [new branch]      biz/reviewtype-mapping-20260104-203306 -> origin/biz/reviewtype-mapping-20260104-203306
writeback	Checkout	2026-02-04T18:19:28.2532212Z  * [new branch]      biz/tidy-3.7.2-subbans2-20260104-204428 -> origin/biz/tidy-3.7.2-subbans2-20260104-204428
writeback	Checkout	2026-02-04T18:19:28.2533458Z  * [new branch]      biz/work-business-master-20260104-050912 -> origin/biz/work-business-master-20260104-050912
writeback	Checkout	2026-02-04T18:19:28.2534746Z  * [new branch]      biz/work-business-spec-20260104-050739 -> origin/biz/work-business-spec-20260104-050739
writeback	Checkout	2026-02-04T18:19:28.2536088Z  * [new branch]      biz/work-normalize-20260105-004002 -> origin/biz/work-normalize-20260105-004002
writeback	Checkout	2026-02-04T18:19:28.2537371Z  * [new branch]      biz/yorisoidou-done-definition_20260123_211048 -> origin/biz/yorisoidou-done-definition_20260123_211048
writeback	Checkout	2026-02-04T18:19:28.2538568Z  * [new branch]      bot-check-bot/20260201_020402 -> origin/bot-check-bot/20260201_020402
writeback	Checkout	2026-02-04T18:19:28.2539499Z  * [new branch]      bot-check/20260201_015343 -> origin/bot-check/20260201_015343
writeback	Checkout	2026-02-04T18:19:28.2540633Z  * [new branch]      business/doc-flow-normalize-20260104-152705 -> origin/business/doc-flow-normalize-20260104-152705
writeback	Checkout	2026-02-04T18:19:28.2541975Z  * [new branch]      business/order-status-enum-20260104-152927 -> origin/business/order-status-enum-20260104-152927
writeback	Checkout	2026-02-04T18:19:28.2543387Z  * [new branch]      business/parts-expense-ex-align-20260104-154921 -> origin/business/parts-expense-ex-align-20260104-154921
writeback	Checkout	2026-02-04T18:19:28.2544854Z  * [new branch]      business/request-category-enum-20260104-153111 -> origin/business/request-category-enum-20260104-153111
writeback	Checkout	2026-02-04T18:19:28.2546519Z  * [new branch]      business/request-contract-align-20260104-220315 -> origin/business/request-contract-align-20260104-220315
writeback	Checkout	2026-02-04T18:19:28.2547997Z  * [new branch]      business/request-payload-schema-20260104-153400 -> origin/business/request-payload-schema-20260104-153400
writeback	Checkout	2026-02-04T18:19:28.2549613Z  * [new branch]      business/request-uf07-uf08-id-consistency-20260104-220830 -> origin/business/request-uf07-uf08-id-consistency-20260104-220830
writeback	Checkout	2026-02-04T18:19:28.2551325Z  * [new branch]      business/ui-spec-request-id-consistency-20260104-224201 -> origin/business/ui-spec-request-id-consistency-20260104-224201
writeback	Checkout	2026-02-04T18:19:28.2552829Z  * [new branch]      chore/append_evidence_line_20260131_141208 -> origin/chore/append_evidence_line_20260131_141208
writeback	Checkout	2026-02-04T18:19:28.2554283Z  * [new branch]      chore/append_evidence_line_pr1395_20260131_141357 -> origin/chore/append_evidence_line_pr1395_20260131_141357
writeback	Checkout	2026-02-04T18:19:28.2555855Z  * [new branch]      chore/approval-error-exec-flow-spec_20260203_144727 -> origin/chore/approval-error-exec-flow-spec_20260203_144727
writeback	Checkout	2026-02-04T18:19:28.2557308Z  * [new branch]      chore/draft-isolation-lanes_20260202_060430 -> origin/chore/draft-isolation-lanes_20260202_060430
writeback	Checkout	2026-02-04T18:19:28.2558530Z  * [new branch]      chore/encoding-fix/20260107-024345 -> origin/chore/encoding-fix/20260107-024345
writeback	Checkout	2026-02-04T18:19:28.2559796Z  * [new branch]      chore/evidence_dedupe_pr1609_20260202_221417 -> origin/chore/evidence_dedupe_pr1609_20260202_221417
writeback	Checkout	2026-02-04T18:19:28.2561110Z  * [new branch]      chore/evidence_dedupe_pr1609_20260202_221516 -> origin/chore/evidence_dedupe_pr1609_20260202_221516
writeback	Checkout	2026-02-04T18:19:28.2562420Z  * [new branch]      chore/evidence_dedupe_pr1609_20260202_221915 -> origin/chore/evidence_dedupe_pr1609_20260202_221915
writeback	Checkout	2026-02-04T18:19:28.2563912Z  * [new branch]      chore/fix-chat-packet-self-heal-push-20260103-062451 -> origin/chore/fix-chat-packet-self-heal-push-20260103-062451
writeback	Checkout	2026-02-04T18:19:28.2565506Z  * [new branch]      chore/mep-add-handoff-auditonly_20260131_142622 -> origin/chore/mep-add-handoff-auditonly_20260131_142622
writeback	Checkout	2026-02-04T18:19:28.2566715Z  * [new branch]      chore/mep-bundle-writeback -> origin/chore/mep-bundle-writeback
writeback	Checkout	2026-02-04T18:19:28.2567788Z  * [new branch]      chore/mep-evidence-writeback-split -> origin/chore/mep-evidence-writeback-split
writeback	Checkout	2026-02-04T18:19:28.2569013Z  * [new branch]      chore/mep-gate-dispatch-20260103-063059 -> origin/chore/mep-gate-dispatch-20260103-063059
writeback	Checkout	2026-02-04T18:19:28.2570702Z  * [new branch]      chore/op3_parentbundled_scopeops_20260204_061438 -> origin/chore/op3_parentbundled_scopeops_20260204_061438
writeback	Checkout	2026-02-04T18:19:28.2572043Z  * [new branch]      chore/scope-fence-guard_20260201_061743 -> origin/chore/scope-fence-guard_20260201_061743
writeback	Checkout	2026-02-04T18:19:28.2573530Z  * [new branch]      chore/scope-guard-maintenance-allowlist-20260103-034249 -> origin/chore/scope-guard-maintenance-allowlist-20260103-034249
writeback	Checkout	2026-02-04T18:19:28.2575319Z  * [new branch]      chore/scope-guard-self-diagnose-20260103-030137 -> origin/chore/scope-guard-self-diagnose-20260103-030137
writeback	Checkout	2026-02-04T18:19:28.2576699Z  * [new branch]      chore/system-entry-fenced_20260201_153604 -> origin/chore/system-entry-fenced_20260201_153604
writeback	Checkout	2026-02-04T18:19:28.2577916Z  * [new branch]      chore/time-marks_fix2_20260202_033408 -> origin/chore/time-marks_fix2_20260202_033408
writeback	Checkout	2026-02-04T18:19:28.2579235Z  * [new branch]      chore/time-marks_fix_evidence_path_20260202_041145 -> origin/chore/time-marks_fix_evidence_path_20260202_041145
writeback	Checkout	2026-02-04T18:19:28.2580551Z  * [new branch]      chore/time-marks_handoff_timefields -> origin/chore/time-marks_handoff_timefields
writeback	Checkout	2026-02-04T18:19:28.2581777Z  * [new branch]      chore/upgrade-bundle-001-20260103-061405 -> origin/chore/upgrade-bundle-001-20260103-061405
writeback	Checkout	2026-02-04T18:19:28.2582981Z  * [new branch]      ci/chat-packet-schedule-20260103 -> origin/ci/chat-packet-schedule-20260103
writeback	Checkout	2026-02-04T18:19:28.2584439Z  * [new branch]      ci/fix-chat-packet-schedule-20260103 -> origin/ci/fix-chat-packet-schedule-20260103
writeback	Checkout	2026-02-04T18:19:28.2587377Z  * [new branch]      ci/mep-state-summary-auto-update-20260103-152119 -> origin/ci/mep-state-summary-auto-update-20260103-152119
writeback	Checkout	2026-02-04T18:19:28.2589171Z  * [new branch]      ci/mep-updater-include-chat-packet-20260103-160231 -> origin/ci/mep-updater-include-chat-packet-20260103-160231
writeback	Checkout	2026-02-04T18:19:28.2590776Z  * [new branch]      docs/chat-packet-handoff-short-memo-20260104-210143 -> origin/docs/chat-packet-handoff-short-memo-20260104-210143
writeback	Checkout	2026-02-04T18:19:28.2592314Z  * [new branch]      docs/chat-packet-handoff-trigger-20260104-203132 -> origin/docs/chat-packet-handoff-trigger-20260104-203132
writeback	Checkout	2026-02-04T18:19:28.2594424Z  * [new branch]      docs/chat-packet-regenerate-20260104-212238 -> origin/docs/chat-packet-regenerate-20260104-212238
writeback	Checkout	2026-02-04T18:19:28.2596097Z  * [new branch]      docs/final-audit-contract-20260104-191025 -> origin/docs/final-audit-contract-20260104-191025
writeback	Checkout	2026-02-04T18:19:28.2597446Z  * [new branch]      docs/fix-chat-packet-guard-20260104-154448 -> origin/docs/fix-chat-packet-guard-20260104-154448
writeback	Checkout	2026-02-04T18:19:28.2598817Z  * [new branch]      docs/fix-idea-index-mojibake-20260104-214830 -> origin/docs/fix-idea-index-mojibake-20260104-214830
writeback	Checkout	2026-02-04T18:19:28.2600350Z  * [new branch]      docs/fix-state-current-scope-mojibake-20260104-205028 -> origin/docs/fix-state-current-scope-mojibake-20260104-205028
writeback	Checkout	2026-02-04T18:19:28.2602898Z  * [new branch]      docs/idea-cleanup-20260104-214212 -> origin/docs/idea-cleanup-20260104-214212
writeback	Checkout	2026-02-04T18:19:28.2604102Z  * [new branch]      docs/idea-index-add-bom-20260104-215056 -> origin/docs/idea-index-add-bom-20260104-215056
writeback	Checkout	2026-02-04T18:19:28.2605534Z  * [new branch]      docs/idea-index1-implemented-20260104-212244 -> origin/docs/idea-index1-implemented-20260104-212244
writeback	Checkout	2026-02-04T18:19:28.2606950Z  * [new branch]      docs/idea-index1-implemented-20260104-213620 -> origin/docs/idea-index1-implemented-20260104-213620
writeback	Checkout	2026-02-04T18:19:28.2608320Z  * [new branch]      docs/idea-trigger-phrases-20260104-192353 -> origin/docs/idea-trigger-phrases-20260104-192353
writeback	Checkout	2026-02-04T18:19:28.2609734Z  * [new branch]      docs/mep-add-handoff-and-bundles-20260103-155334 -> origin/docs/mep-add-handoff-and-bundles-20260103-155334
writeback	Checkout	2026-02-04T18:19:28.2611129Z  * [new branch]      docs/mep-add-idea-vault-20260103-205303 -> origin/docs/mep-add-idea-vault-20260103-205303
writeback	Checkout	2026-02-04T18:19:28.2612473Z  * [new branch]      docs/mep-add-manual-summaries-20260103-153458 -> origin/docs/mep-add-manual-summaries-20260103-153458
writeback	Checkout	2026-02-04T18:19:28.2613817Z  * [new branch]      docs/mep-add-playbook-20260103-151247 -> origin/docs/mep-add-playbook-20260103-151247
writeback	Checkout	2026-02-04T18:19:28.2615150Z  * [new branch]      docs/mep-add-runbook-20260103-150840 -> origin/docs/mep-add-runbook-20260103-150840
writeback	Checkout	2026-02-04T18:19:28.2616428Z  * [new branch]      docs/mep-add-state-summary-20260103-151642 -> origin/docs/mep-add-state-summary-20260103-151642
writeback	Checkout	2026-02-04T18:19:28.2617991Z  * [new branch]      docs/mep-add-state-summary-step1-20260103-151916 -> origin/docs/mep-add-state-summary-step1-20260103-151916
writeback	Checkout	2026-02-04T18:19:28.2619427Z  * [new branch]      docs/mep-chat-style-contract-20260104-044201 -> origin/docs/mep-chat-style-contract-20260104-044201
writeback	Checkout	2026-02-04T18:19:28.2621003Z  * [new branch]      docs/mep-expand-request-bundles-platform-20260103-155717 -> origin/docs/mep-expand-request-bundles-platform-20260103-155717
writeback	Checkout	2026-02-04T18:19:28.2622605Z  * [new branch]      docs/mep-fix-handoff-generator-20260103-193849 -> origin/docs/mep-fix-handoff-generator-20260103-193849
writeback	Checkout	2026-02-04T18:19:28.2624031Z  * [new branch]      docs/mep-fix-handoff-trigger-20260103-193547 -> origin/docs/mep-fix-handoff-trigger-20260103-193547
writeback	Checkout	2026-02-04T18:19:28.2625468Z  * [new branch]      docs/mep-guidance-align-20260104-153937 -> origin/docs/mep-guidance-align-20260104-153937
writeback	Checkout	2026-02-04T18:19:28.2626861Z  * [new branch]      docs/mep-handoff-current-archive-20260103-164630 -> origin/docs/mep-handoff-current-archive-20260103-164630
writeback	Checkout	2026-02-04T18:19:28.2628317Z  * [new branch]      docs/mep-handoff-id-overview-20260103-181619 -> origin/docs/mep-handoff-id-overview-20260103-181619
writeback	Checkout	2026-02-04T18:19:28.2629669Z  * [new branch]      docs/mep-handoff-trigger-20260103-182010 -> origin/docs/mep-handoff-trigger-20260103-182010
writeback	Checkout	2026-02-04T18:19:28.2630878Z  * [new branch]      docs/mep-idea-flow-20260103-212432 -> origin/docs/mep-idea-flow-20260103-212432
writeback	Checkout	2026-02-04T18:19:28.2632211Z  * [new branch]      docs/mep-idea-receipts-finalize-20260103-214123 -> origin/docs/mep-idea-receipts-finalize-20260103-214123
writeback	Checkout	2026-02-04T18:19:28.2633604Z  * [new branch]      docs/mep-idea-vault-pull-20260103-205912 -> origin/docs/mep-idea-vault-pull-20260103-205912
writeback	Checkout	2026-02-04T18:19:28.2635173Z  * [new branch]      docs/mep-index-add-runbook-20260103-151053 -> origin/docs/mep-index-add-runbook-20260103-151053
writeback	Checkout	2026-02-04T18:19:28.2636516Z  * [new branch]      docs/mep-lease-continue-20260103-220947 -> origin/docs/mep-lease-continue-20260103-220947
writeback	Checkout	2026-02-04T18:19:28.2637973Z  * [new branch]      docs/mep-one-packet-bootstrap-rebuild-20260104-030214 -> origin/docs/mep-one-packet-bootstrap-rebuild-20260104-030214
writeback	Checkout	2026-02-04T18:19:28.2639654Z  * [new branch]      docs/mep-powershell-output-contract-v2-20260103-145848 -> origin/docs/mep-powershell-output-contract-v2-20260103-145848
writeback	Checkout	2026-02-04T18:19:28.2641300Z  * [new branch]      docs/mep-process-chat-packet-update-20260104-221151 -> origin/docs/mep-process-chat-packet-update-20260104-221151
writeback	Checkout	2026-02-04T18:19:28.2642688Z  * [new branch]      docs/mep-repair-1-2-3-20260103-153905 -> origin/docs/mep-repair-1-2-3-20260103-153905
writeback	Checkout	2026-02-04T18:19:28.2644069Z  * [new branch]      docs/mep-runbook-crash-recovery-v1_2-20260103-222813 -> origin/docs/mep-runbook-crash-recovery-v1_2-20260103-222813
writeback	Checkout	2026-02-04T18:19:28.2645798Z  * [new branch]      docs/mep-update-state-current-v12-20260103-150635 -> origin/docs/mep-update-state-current-v12-20260103-150635
writeback	Checkout	2026-02-04T18:19:28.2647768Z  * [new branch]      docs/op2-recovery-min-card_20260204_053252 -> origin/docs/op2-recovery-min-card_20260204_053252
writeback	Checkout	2026-02-04T18:19:28.2649542Z  * [new branch]      docs/ops-chat-packet-followup-20260103 -> origin/docs/ops-chat-packet-followup-20260103
writeback	Checkout	2026-02-04T18:19:28.2651234Z  * [new branch]      docs/ops-rules-20260103 -> origin/docs/ops-rules-20260103
writeback	Checkout	2026-02-04T18:19:28.2652304Z  * [new branch]      docs/ops-scope-suggest-20260103-150621 -> origin/docs/ops-scope-suggest-20260103-150621
writeback	Checkout	2026-02-04T18:19:28.2653884Z  * [new branch]      docs/required1-mep-gate-migration-20260103-062110 -> origin/docs/required1-mep-gate-migration-20260103-062110
writeback	Checkout	2026-02-04T18:19:28.2655700Z  * [new branch]      docs/revert-chat-packet-schedule-test-20260103 -> origin/docs/revert-chat-packet-schedule-test-20260103
writeback	Checkout	2026-02-04T18:19:28.2657282Z  * [new branch]      docs/revert-chat-packet-schedule-test-v2-20260103 -> origin/docs/revert-chat-packet-schedule-test-v2-20260103
writeback	Checkout	2026-02-04T18:19:28.2658916Z  * [new branch]      docs/runbook-business-go-20260104-053757 -> origin/docs/runbook-business-go-20260104-053757
writeback	Checkout	2026-02-04T18:19:28.2660236Z  * [new branch]      docs/state-current-add-bom-20260104-215733 -> origin/docs/state-current-add-bom-20260104-215733
writeback	Checkout	2026-02-04T18:19:28.2661756Z  * [new branch]      docs/state-current-required-checks-note-20260104-224911 -> origin/docs/state-current-required-checks-note-20260104-224911
writeback	Checkout	2026-02-04T18:19:28.2663230Z  * [new branch]      docs/state-current-v12-20260103-153345 -> origin/docs/state-current-v12-20260103-153345
writeback	Checkout	2026-02-04T18:19:28.2664486Z  * [new branch]      docs/test-chat-packet-schedule-20260103 -> origin/docs/test-chat-packet-schedule-20260103
writeback	Checkout	2026-02-04T18:19:28.2665918Z  * [new branch]      docs/test-chat-packet-schedule-20260103b -> origin/docs/test-chat-packet-schedule-20260103b
writeback	Checkout	2026-02-04T18:19:28.2667422Z  * [new branch]      docs/writeback_implementation_list_update_20260119_010935 -> origin/docs/writeback_implementation_list_update_20260119_010935
writeback	Checkout	2026-02-04T18:19:28.2668981Z  * [new branch]      docs/yorisoidou-invoice-master-20260104-042430 -> origin/docs/yorisoidou-invoice-master-20260104-042430
writeback	Checkout	2026-02-04T18:19:28.2670962Z  * [new branch]      docs/yorisoidou-invoice-spec-recover-20260104-041924 -> origin/docs/yorisoidou-invoice-spec-recover-20260104-041924
writeback	Checkout	2026-02-04T18:19:28.2673918Z  * [new branch]      docs/yorisoidou-invoice-ui-master-20260104-042636 -> origin/docs/yorisoidou-invoice-ui-master-20260104-042636
writeback	Checkout	2026-02-04T18:19:28.2675985Z  * [new branch]      docs/yorisoidou-invoice-ui-spec-20260104-042810 -> origin/docs/yorisoidou-invoice-ui-spec-20260104-042810
writeback	Checkout	2026-02-04T18:19:28.2677428Z  * [new branch]      docs/yorisoidou-order-spec-20260104-043908 -> origin/docs/yorisoidou-order-spec-20260104-043908
writeback	Checkout	2026-02-04T18:19:28.2679087Z  * [new branch]      docs/yorisoidou-receipt-master-20260104-043310 -> origin/docs/yorisoidou-receipt-master-20260104-043310
writeback	Checkout	2026-02-04T18:19:28.2680634Z  * [new branch]      docs/yorisoidou-receipt-spec-20260104-043052 -> origin/docs/yorisoidou-receipt-spec-20260104-043052
writeback	Checkout	2026-02-04T18:19:28.2682113Z  * [new branch]      docs/yorisoidou-receipt-ui-master-20260104-043436 -> origin/docs/yorisoidou-receipt-ui-master-20260104-043436
writeback	Checkout	2026-02-04T18:19:28.2683623Z  * [new branch]      docs/yorisoidou-receipt-ui-spec-20260104-043655 -> origin/docs/yorisoidou-receipt-ui-spec-20260104-043655
writeback	Checkout	2026-02-04T18:19:28.2684842Z  * [new branch]      feat/chat-packet-self-heal -> origin/feat/chat-packet-self-heal
writeback	Checkout	2026-02-04T18:19:28.2686065Z  * [new branch]      feat/chat-packet-self-heal-rerun -> origin/feat/chat-packet-self-heal-rerun
writeback	Checkout	2026-02-04T18:19:28.2687034Z  * [new branch]      feat/invoice-v1         -> origin/feat/invoice-v1
writeback	Checkout	2026-02-04T18:19:28.2687979Z  * [new branch]      feat/mep-gate-pr-20260103-061907 -> origin/feat/mep-gate-pr-20260103-061907
writeback	Checkout	2026-02-04T18:19:28.2688945Z  * [new branch]      feat/order-intake-v1    -> origin/feat/order-intake-v1
writeback	Checkout	2026-02-04T18:19:28.2689825Z  * [new branch]      feat/scope-guard-phase1 -> origin/feat/scope-guard-phase1
writeback	Checkout	2026-02-04T18:19:28.2690850Z  * [new branch]      feat/scope-suggest-20260103-072132 -> origin/feat/scope-suggest-20260103-072132
writeback	Checkout	2026-02-04T18:19:28.2691870Z  * [new branch]      feat/self-heal-auto-prs -> origin/feat/self-heal-auto-prs
writeback	Checkout	2026-02-04T18:19:28.2692728Z  * [new branch]      feat/tax-report-v1      -> origin/feat/tax-report-v1
writeback	Checkout	2026-02-04T18:19:28.2693527Z  * [new branch]      feat/uf06-v1            -> origin/feat/uf06-v1
writeback	Checkout	2026-02-04T18:19:28.2694554Z  * [new branch]      feat/unified-entry-step1_20260201_151133 -> origin/feat/unified-entry-step1_20260201_151133
writeback	Checkout	2026-02-04T18:19:28.2695728Z  * [new branch]      feat/work-done-v1       -> origin/feat/work-done-v1
writeback	Checkout	2026-02-04T18:19:28.2696722Z  * [new branch]      feat/workflow-write-handoff-input -> origin/feat/workflow-write-handoff-input
writeback	Checkout	2026-02-04T18:19:28.2697864Z  * [new branch]      feat/workflow-write-handoff-step -> origin/feat/workflow-write-handoff-step
writeback	Checkout	2026-02-04T18:19:28.2699203Z  * [new branch]      feat/yorisoidou-runtime-selftest-batch -> origin/feat/yorisoidou-runtime-selftest-batch
writeback	Checkout	2026-02-04T18:19:28.2700461Z  * [new branch]      feature/new-implementation -> origin/feature/new-implementation
writeback	Checkout	2026-02-04T18:19:28.2701743Z  * [new branch]      fix/append_parent_evidence_1738_1756_20260204_194125 -> origin/fix/append_parent_evidence_1738_1756_20260204_194125
writeback	Checkout	2026-02-04T18:19:28.2703426Z  * [new branch]      fix/auto_loop_all_done_progress_20260203_021142 -> origin/fix/auto_loop_all_done_progress_20260203_021142
writeback	Checkout	2026-02-04T18:19:28.2704874Z  * [new branch]      fix/auto_loop_all_done_progress_final_20260203_022601 -> origin/fix/auto_loop_all_done_progress_final_20260203_022601
writeback	Checkout	2026-02-04T18:19:28.2706607Z  * [new branch]      fix/auto_loop_all_done_progress_v2_20260203_021339 -> origin/fix/auto_loop_all_done_progress_v2_20260203_021339
writeback	Checkout	2026-02-04T18:19:28.2708168Z  * [new branch]      fix/auto_loop_debug_stageval_20260203_022815 -> origin/fix/auto_loop_debug_stageval_20260203_022815
writeback	Checkout	2026-02-04T18:19:28.2709516Z  * [new branch]      fix/auto_loop_done_before_stop_20260203_040004 -> origin/fix/auto_loop_done_before_stop_20260203_040004
writeback	Checkout	2026-02-04T18:19:28.2711236Z  * [new branch]      fix/auto_loop_read_stagevalue_safe_20260203_031824 -> origin/fix/auto_loop_read_stagevalue_safe_20260203_031824
writeback	Checkout	2026-02-04T18:19:28.2712735Z  * [new branch]      fix/auto_loop_remove_stagefile_var_v2_20260203_032753 -> origin/fix/auto_loop_remove_stagefile_var_v2_20260203_032753
writeback	Checkout	2026-02-04T18:19:28.2714249Z  * [new branch]      fix/auto_loop_stage_truth_overrides_ec_20260203_023236 -> origin/fix/auto_loop_stage_truth_overrides_ec_20260203_023236
writeback	Checkout	2026-02-04T18:19:28.2715955Z  * [new branch]      fix/auto_loop_stageval_before_ok_stop_20260203_034330 -> origin/fix/auto_loop_stageval_before_ok_stop_20260203_034330
writeback	Checkout	2026-02-04T18:19:28.2717665Z  * [new branch]      fix/auto_loop_stageval_before_ok_stop_real_20260203_035235 -> origin/fix/auto_loop_stageval_before_ok_stop_real_20260203_035235
writeback	Checkout	2026-02-04T18:19:28.2719227Z  * [new branch]      fix/auto_loop_stageval_before_report_20260203_033230 -> origin/fix/auto_loop_stageval_before_report_20260203_033230
writeback	Checkout	2026-02-04T18:19:28.2720706Z  * [new branch]      fix/auto_loop_stageval_before_stop_20260203_033953 -> origin/fix/auto_loop_stageval_before_stop_20260203_033953
writeback	Checkout	2026-02-04T18:19:28.2722069Z  * [new branch]      fix/auto_loop_stageval_init_20260203_033417 -> origin/fix/auto_loop_stageval_init_20260203_033417
writeback	Checkout	2026-02-04T18:19:28.2723568Z  * [new branch]      fix/auto_loop_stageval_observe_and_force_done_20260203_033003 -> origin/fix/auto_loop_stageval_observe_and_force_done_20260203_033003
writeback	Checkout	2026-02-04T18:19:28.2725171Z  * [new branch]      fix/aws-sdk-log-ignore_20260203_193213 -> origin/fix/aws-sdk-log-ignore_20260203_193213
writeback	Checkout	2026-02-04T18:19:28.2726491Z  * [new branch]      fix/bundled-append-missing-prs_20260204_044626 -> origin/fix/bundled-append-missing-prs_20260204_044626
writeback	Checkout	2026-02-04T18:19:28.2727834Z  * [new branch]      fix/bundled-freeze-min2_20260205_025938 -> origin/fix/bundled-freeze-min2_20260205_025938
writeback	Checkout	2026-02-04T18:19:28.2729421Z  * [new branch]      fix/business-non-interference-guard-refs_20260202_064019 -> origin/fix/business-non-interference-guard-refs_20260202_064019
writeback	Checkout	2026-02-04T18:19:28.2731230Z  * [new branch]      fix/disable-scheduled-auto-prs_20260130_224758 -> origin/fix/disable-scheduled-auto-prs_20260130_224758
writeback	Checkout	2026-02-04T18:19:28.2732663Z  * [new branch]      fix/doneB_unified_entry_prnumber_20260202_012849 -> origin/fix/doneB_unified_entry_prnumber_20260202_012849
writeback	Checkout	2026-02-04T18:19:28.2734026Z  * [new branch]      fix/done_display_gate0_stop_20260203_014800 -> origin/fix/done_display_gate0_stop_20260203_014800
writeback	Checkout	2026-02-04T18:19:28.2735313Z  * [new branch]      fix/doneb_human_gate_20260202_235358 -> origin/fix/doneb_human_gate_20260202_235358
writeback	Checkout	2026-02-04T18:19:28.2736773Z  * [new branch]      fix/entry-env-cleanup-20260204_035826 -> origin/fix/entry-env-cleanup-20260204_035826
writeback	Checkout	2026-02-04T18:19:28.2738005Z  * [new branch]      fix/entry-env-cleanup2-20260204_040048 -> origin/fix/entry-env-cleanup2-20260204_040048
writeback	Checkout	2026-02-04T18:19:28.2739348Z  * [new branch]      fix/entry-env-cleanup3-20260204_040501 -> origin/fix/entry-env-cleanup3-20260204_040501
writeback	Checkout	2026-02-04T18:19:28.2740568Z  * [new branch]      fix/entry-env-cleanup4-20260204_040655 -> origin/fix/entry-env-cleanup4-20260204_040655
writeback	Checkout	2026-02-04T18:19:28.2741778Z  * [new branch]      fix/entry-env-inline-20260204_034912 -> origin/fix/entry-env-inline-20260204_034912
writeback	Checkout	2026-02-04T18:19:28.2742967Z  * [new branch]      fix/entry-env-inline2-20260204_035146 -> origin/fix/entry-env-inline2-20260204_035146
writeback	Checkout	2026-02-04T18:19:28.2744151Z  * [new branch]      fix/entry-env-inline3-20260204_035433 -> origin/fix/entry-env-inline3-20260204_035433
writeback	Checkout	2026-02-04T18:19:28.2745500Z  * [new branch]      fix/entry-env-wireup-final-20260204_041919 -> origin/fix/entry-env-wireup-final-20260204_041919
writeback	Checkout	2026-02-04T18:19:28.2746846Z  * [new branch]      fix/entry-export-env-parent-20260204_044431 -> origin/fix/entry-export-env-parent-20260204_044431
writeback	Checkout	2026-02-04T18:19:28.2748321Z  * [new branch]      fix/entry-export-progress-env-clean-20260204_044053 -> origin/fix/entry-export-progress-env-clean-20260204_044053
writeback	Checkout	2026-02-04T18:19:28.2749838Z  * [new branch]      fix/entry-exports-progress-env-20260204_043435 -> origin/fix/entry-exports-progress-env-20260204_043435
writeback	Checkout	2026-02-04T18:19:28.2751319Z  * [new branch]      fix/entry-progress-hook-directvars-20260204_033046 -> origin/fix/entry-progress-hook-directvars-20260204_033046
writeback	Checkout	2026-02-04T18:19:28.2752883Z  * [new branch]      fix/entry-progress-hook-move-marker-20260204_033736 -> origin/fix/entry-progress-hook-move-marker-20260204_033736
writeback	Checkout	2026-02-04T18:19:28.2754364Z  * [new branch]      fix/entry-progress-hook-safe-20260204_030742 -> origin/fix/entry-progress-hook-safe-20260204_030742
writeback	Checkout	2026-02-04T18:19:28.2756120Z  * [new branch]      fix/entry-progress-hook-selfcontained-20260204_034132 -> origin/fix/entry-progress-hook-selfcontained-20260204_034132
writeback	Checkout	2026-02-04T18:19:28.2757652Z  * [new branch]      fix/entry-read-workitems-once_20260202_063308 -> origin/fix/entry-read-workitems-once_20260202_063308
writeback	Checkout	2026-02-04T18:19:28.2758988Z  * [new branch]      fix/entry_pr_create_guard_20260202_011107 -> origin/fix/entry_pr_create_guard_20260202_011107
writeback	Checkout	2026-02-04T18:19:28.2760253Z  * [new branch]      fix/evidence-child-pr1567_20260202_040146 -> origin/fix/evidence-child-pr1567_20260202_040146
writeback	Checkout	2026-02-04T18:19:28.2761533Z  * [new branch]      fix/evidence-child-pr1567_20260202_040450 -> origin/fix/evidence-child-pr1567_20260202_040450
writeback	Checkout	2026-02-04T18:19:28.2762802Z  * [new branch]      fix/evidence-child-pr1567_20260202_040915 -> origin/fix/evidence-child-pr1567_20260202_040915
writeback	Checkout	2026-02-04T18:19:28.2764066Z  * [new branch]      fix/evidence-child-pr1567_20260202_042153 -> origin/fix/evidence-child-pr1567_20260202_042153
writeback	Checkout	2026-02-04T18:19:28.2765466Z  * [new branch]      fix/evidence-child-pr1609_20260202_211641 -> origin/fix/evidence-child-pr1609_20260202_211641
writeback	Checkout	2026-02-04T18:19:28.2766765Z  * [new branch]      fix/evidence-child-pr1675-20260203_165542 -> origin/fix/evidence-child-pr1675-20260203_165542
writeback	Checkout	2026-02-04T18:19:28.2768049Z  * [new branch]      fix/evidence-child-pr1693_20260204_042850 -> origin/fix/evidence-child-pr1693_20260204_042850
writeback	Checkout	2026-02-04T18:19:28.2769494Z  * [new branch]      fix/evidence-dispatch-accept-prnumber_20260131_020611 -> origin/fix/evidence-dispatch-accept-prnumber_20260131_020611
writeback	Checkout	2026-02-04T18:19:28.2771165Z  * [new branch]      fix/evidence-dispatch-add-inputs-prnumber_20260131_021625 -> origin/fix/evidence-dispatch-add-inputs-prnumber_20260131_021625
writeback	Checkout	2026-02-04T18:19:28.2772842Z  * [new branch]      fix/evidence-dispatch-add-pr-step_force_20260205_004433 -> origin/fix/evidence-dispatch-add-pr-step_force_20260205_004433
writeback	Checkout	2026-02-04T18:19:28.2774442Z  * [new branch]      fix/evidence-dispatch-persist-child_20260205_003550 -> origin/fix/evidence-dispatch-persist-child_20260205_003550
writeback	Checkout	2026-02-04T18:19:28.2776058Z  * [new branch]      fix/evidence-dispatch-writeback-pr_20260205_003205 -> origin/fix/evidence-dispatch-writeback-pr_20260205_003205
writeback	Checkout	2026-02-04T18:19:28.2777693Z  * [new branch]      fix/evidence-sync-child-for-1738-1756_20260204_201044 -> origin/fix/evidence-sync-child-for-1738-1756_20260204_201044
writeback	Checkout	2026-02-04T18:19:28.2779106Z  * [new branch]      fix/evidence-sync-pr1774_20260205_003125 -> origin/fix/evidence-sync-pr1774_20260205_003125
writeback	Checkout	2026-02-04T18:19:28.2780380Z  * [new branch]      fix/evidence_bundle_version_20260204_035621 -> origin/fix/evidence_bundle_version_20260204_035621
writeback	Checkout	2026-02-04T18:19:28.2781634Z  * [new branch]      fix/g0-ffonly-to-reset-20260204_051715 -> origin/fix/g0-ffonly-to-reset-20260204_051715
writeback	Checkout	2026-02-04T18:19:28.2782824Z  * [new branch]      fix/g2-env-progress-20260204_042844 -> origin/fix/g2-env-progress-20260204_042844
writeback	Checkout	2026-02-04T18:19:28.2784056Z  * [new branch]      fix/g2-remove-progress-env-20260204_050455 -> origin/fix/g2-remove-progress-env-20260204_050455
writeback	Checkout	2026-02-04T18:19:28.2785538Z  * [new branch]      fix/handoff-bundled-search-result_20260204_054115 -> origin/fix/handoff-bundled-search-result_20260204_054115
writeback	Checkout	2026-02-04T18:19:28.2787036Z  * [new branch]      fix/handoff-bundled-search-result_20260204_054308 -> origin/fix/handoff-bundled-search-result_20260204_054308
writeback	Checkout	2026-02-04T18:19:28.2788618Z  * [new branch]      fix/handoff-latestbundled-dispatch-entry_20260204_034222 -> origin/fix/handoff-latestbundled-dispatch-entry_20260204_034222
writeback	Checkout	2026-02-04T18:19:28.2790094Z  * [new branch]      fix/handoff-min-restore2_20260204_062849 -> origin/fix/handoff-min-restore2_20260204_062849
writeback	Checkout	2026-02-04T18:19:28.2791345Z  * [new branch]      fix/handoff-min-restore_20260204_062629 -> origin/fix/handoff-min-restore_20260204_062629
writeback	Checkout	2026-02-04T18:19:28.2792595Z  * [new branch]      fix/handoff-min-safe-stub_20260204_061535 -> origin/fix/handoff-min-safe-stub_20260204_061535
writeback	Checkout	2026-02-04T18:19:28.2793938Z  * [new branch]      fix/handoff-official-min_20260204_043811 -> origin/fix/handoff-official-min_20260204_043811
writeback	Checkout	2026-02-04T18:19:28.2795346Z  * [new branch]      fix/handoff-op0-embed_20260204_063654 -> origin/fix/handoff-op0-embed_20260204_063654
writeback	Checkout	2026-02-04T18:19:28.2796614Z  * [new branch]      fix/handoff-op0-embed_clean_20260204_080033 -> origin/fix/handoff-op0-embed_clean_20260204_080033
writeback	Checkout	2026-02-04T18:19:28.2797998Z  * [new branch]      fix/handoff-regen-latestbundled_20260204_033716 -> origin/fix/handoff-regen-latestbundled_20260204_033716
writeback	Checkout	2026-02-04T18:19:28.2799386Z  * [new branch]      fix/handoff-search-result-v2_20260204_060104 -> origin/fix/handoff-search-result-v2_20260204_060104
writeback	Checkout	2026-02-04T18:19:28.2800761Z  * [new branch]      fix/handoff-targetpr-and-args_20260204_063147 -> origin/fix/handoff-targetpr-and-args_20260204_063147
writeback	Checkout	2026-02-04T18:19:28.2802129Z  * [new branch]      fix/handoff-two-layer-output_20260202_070126 -> origin/fix/handoff-two-layer-output_20260202_070126
writeback	Checkout	2026-02-04T18:19:28.2803461Z  * [new branch]      fix/mep_entry_last_exitcode_20260201_174103 -> origin/fix/mep_entry_last_exitcode_20260201_174103
writeback	Checkout	2026-02-04T18:19:28.2804754Z  * [new branch]      fix/ng992_ng1100_recovery_v2_20260130_232554 -> origin/fix/ng992_ng1100_recovery_v2_20260130_232554
writeback	Checkout	2026-02-04T18:19:28.2806132Z  * [new branch]      fix/op1-op2-min-ledger_20260204_080312 -> origin/fix/op1-op2-min-ledger_20260204_080312
writeback	Checkout	2026-02-04T18:19:28.2807398Z  * [new branch]      fix/op2-recovery-min-param_20260204_045701 -> origin/fix/op2-recovery-min-param_20260204_045701
writeback	Checkout	2026-02-04T18:19:28.2808726Z  * [new branch]      fix/op3-jobs0-writeback-push_20260204_223305 -> origin/fix/op3-jobs0-writeback-push_20260204_223305
writeback	Checkout	2026-02-04T18:19:28.2810041Z  * [new branch]      fix/op3-jp-audit-template_20260204_064452 -> origin/fix/op3-jp-audit-template_20260204_064452
writeback	Checkout	2026-02-04T18:19:28.2811531Z  * [new branch]      fix/op3-parent-bundled-official-template_20260204_070407 -> origin/fix/op3-parent-bundled-official-template_20260204_070407
writeback	Checkout	2026-02-04T18:19:28.2813080Z  * [new branch]      fix/op3-template-evidence-fill_20260204_071337 -> origin/fix/op3-template-evidence-fill_20260204_071337
writeback	Checkout	2026-02-04T18:19:28.2814685Z  * [new branch]      fix/op3-writeback-push-startup_failure_20260205_000911 -> origin/fix/op3-writeback-push-startup_failure_20260205_000911
writeback	Checkout	2026-02-04T18:19:28.2816238Z  * [new branch]      fix/parent-bundled-followup_20260204_042728 -> origin/fix/parent-bundled-followup_20260204_042728
writeback	Checkout	2026-02-04T18:19:28.2817628Z  * [new branch]      fix/reporter_restore_no_recursion_20260203_015639 -> origin/fix/reporter_restore_no_recursion_20260203_015639
writeback	Checkout	2026-02-04T18:19:28.2818955Z  * [new branch]      fix/restore-mep-entry-20260204_045808 -> origin/fix/restore-mep-entry-20260204_045808
writeback	Checkout	2026-02-04T18:19:28.2820293Z  * [new branch]      fix/restore-workflow-from-success_20260131_152336 -> origin/fix/restore-workflow-from-success_20260131_152336
writeback	Checkout	2026-02-04T18:19:28.2821724Z  * [new branch]      fix/suggest_checkout_auth2_20260131_152918Z -> origin/fix/suggest_checkout_auth2_20260131_152918Z
writeback	Checkout	2026-02-04T18:19:28.2823019Z  * [new branch]      fix/suggest_checkout_auth_20260131_152726Z -> origin/fix/suggest_checkout_auth_20260131_152726Z
writeback	Checkout	2026-02-04T18:19:28.2824278Z  * [new branch]      fix/unified-entry-step1_20260201_152711 -> origin/fix/unified-entry-step1_20260201_152711
writeback	Checkout	2026-02-04T18:19:28.2825784Z  * [new branch]      fix/update-state-summary-checkout-auth_20260204_040454 -> origin/fix/update-state-summary-checkout-auth_20260204_040454
writeback	Checkout	2026-02-04T18:19:28.2827223Z  * [new branch]      fix/workflow-env-indent_20260204_205603 -> origin/fix/workflow-env-indent_20260204_205603
writeback	Checkout	2026-02-04T18:19:28.2828572Z  * [new branch]      fix/workflow-restore-from-success_20260131_152632 -> origin/fix/workflow-restore-from-success_20260131_152632
writeback	Checkout	2026-02-04T18:19:28.2829868Z  * [new branch]      fix/workid-safety-20260203_031526 -> origin/fix/workid-safety-20260203_031526
writeback	Checkout	2026-02-04T18:19:28.2831103Z  * [new branch]      fix/writeback-SetStatus-safe_20260204_233756 -> origin/fix/writeback-SetStatus-safe_20260204_233756
writeback	Checkout	2026-02-04T18:19:28.2832470Z  * [new branch]      fix/writeback-define-ep_20260204_223721 -> origin/fix/writeback-define-ep_20260204_223721
writeback	Checkout	2026-02-04T18:19:28.2833818Z  * [new branch]      fix/writeback-dispatch-rebuild_20260201_041032 -> origin/fix/writeback-dispatch-rebuild_20260201_041032
writeback	Checkout	2026-02-04T18:19:28.2835473Z  * [new branch]      fix/writeback-dispatch-recoverable_20260204_062837 -> origin/fix/writeback-dispatch-recoverable_20260204_062837
writeback	Checkout	2026-02-04T18:19:28.2837082Z  * [new branch]      fix/writeback-dispatch-workflow_dispatch_20260201_035926 -> origin/fix/writeback-dispatch-workflow_dispatch_20260201_035926
writeback	Checkout	2026-02-04T18:19:28.2838940Z  * [new branch]      fix/writeback-ensurepr-script-rewrite_20260204_235600 -> origin/fix/writeback-ensurepr-script-rewrite_20260204_235600
writeback	Checkout	2026-02-04T18:19:28.2840588Z  * [new branch]      fix/writeback-entry-raceproof-hook_20260204_223715 -> origin/fix/writeback-entry-raceproof-hook_20260204_223715
writeback	Checkout	2026-02-04T18:19:28.2841998Z  * [new branch]      fix/writeback-ghapi-args_20260204_215824 -> origin/fix/writeback-ghapi-args_20260204_215824
writeback	Checkout	2026-02-04T18:19:28.2843292Z  * [new branch]      fix/writeback-ghapi-xpost_20260204_220244 -> origin/fix/writeback-ghapi-xpost_20260204_220244
writeback	Checkout	2026-02-04T18:19:28.2844821Z  * [new branch]      fix/writeback-quote-ghapi-fields-recreate_20260204_231718 -> origin/fix/writeback-quote-ghapi-fields-recreate_20260204_231718
writeback	Checkout	2026-02-04T18:19:28.2846558Z  * [new branch]      fix/writeback-quote-ghapi-fields_20260204_231131 -> origin/fix/writeback-quote-ghapi-fields_20260204_231131
writeback	Checkout	2026-02-04T18:19:28.2847997Z  * [new branch]      fix/writeback-required-checks2_20260204_091440 -> origin/fix/writeback-required-checks2_20260204_091440
writeback	Checkout	2026-02-04T18:19:28.2849394Z  * [new branch]      fix/writeback-required-checks_20260204_091231 -> origin/fix/writeback-required-checks_20260204_091231
writeback	Checkout	2026-02-04T18:19:28.2850833Z  * [new branch]      fix/writeback-set-required-status_20260204_104609 -> origin/fix/writeback-set-required-status_20260204_104609
writeback	Checkout	2026-02-04T18:19:28.2852328Z  * [new branch]      fix/writeback-setstatus-define-ep_20260204_223154 -> origin/fix/writeback-setstatus-define-ep_20260204_223154
writeback	Checkout	2026-02-04T18:19:28.2854044Z  * [new branch]      fix/writeback-setstatus-endpoint-onestring_20260204_235703 -> origin/fix/writeback-setstatus-endpoint-onestring_20260204_235703
writeback	Checkout	2026-02-04T18:19:28.2855751Z  * [new branch]      fix/writeback-setstatus-endpoint_20260204_222309 -> origin/fix/writeback-setstatus-endpoint_20260204_222309
writeback	Checkout	2026-02-04T18:19:28.2857267Z  * [new branch]      fix/writeback-setstatus-hardreplace_20260204_231123 -> origin/fix/writeback-setstatus-hardreplace_20260204_231123
writeback	Checkout	2026-02-04T18:19:28.2858779Z  * [new branch]      fix/writeback-setstatus-repair_20260204_231707 -> origin/fix/writeback-setstatus-repair_20260204_231707
writeback	Checkout	2026-02-04T18:19:28.2860247Z  * [new branch]      fix/writeback-setstatus-singleline_20260204_233440 -> origin/fix/writeback-setstatus-singleline_20260204_233440
writeback	Checkout	2026-02-04T18:19:28.2861681Z  * [new branch]      fix/writeback-status-debug_20260204_194450 -> origin/fix/writeback-status-debug_20260204_194450
writeback	Checkout	2026-02-04T18:19:28.2863168Z  * [new branch]      fix/writeback-status-endpoint-argsplit_20260204_222456 -> origin/fix/writeback-status-endpoint-argsplit_20260204_222456
writeback	Checkout	2026-02-04T18:19:28.2864658Z  * [new branch]      fix/writeback-status-verify_20260204_215121 -> origin/fix/writeback-status-verify_20260204_215121
writeback	Checkout	2026-02-04T18:19:28.2866050Z  * [new branch]      fix/writeback-statuses-perm_20260204_193903 -> origin/fix/writeback-statuses-perm_20260204_193903
writeback	Checkout	2026-02-04T18:19:28.2867390Z  * [new branch]      fix/writeback-statuses-write_20260204_205609 -> origin/fix/writeback-statuses-write_20260204_205609
writeback	Checkout	2026-02-04T18:19:28.2868797Z  * [new branch]      fix/writeback-targetpr-prnumber_20260204_064454 -> origin/fix/writeback-targetpr-prnumber_20260204_064454
writeback	Checkout	2026-02-04T18:19:28.2870170Z  * [new branch]      fix/writeback-yaml-syntax-20260202_202142 -> origin/fix/writeback-yaml-syntax-20260202_202142
writeback	Checkout	2026-02-04T18:19:28.2871616Z  * [new branch]      fix/writeback_bundle_param_repair_20260131_004710 -> origin/fix/writeback_bundle_param_repair_20260131_004710
writeback	Checkout	2026-02-04T18:19:28.2873139Z  * [new branch]      fix/writeback_bundle_parsererror_param_20260131_010501 -> origin/fix/writeback_bundle_parsererror_param_20260131_010501
writeback	Checkout	2026-02-04T18:19:28.2874607Z  * [new branch]      fix/writeback_bundle_real_param_20260131_005213 -> origin/fix/writeback_bundle_real_param_20260131_005213
writeback	Checkout	2026-02-04T18:19:28.2876271Z  * [new branch]      fix/writeback_dispatch_yaml_repair_all_20260131_014559 -> origin/fix/writeback_dispatch_yaml_repair_all_20260131_014559
writeback	Checkout	2026-02-04T18:19:28.2877713Z  * [new branch]      fix/writeback_entry_activate_20260131_015405 -> origin/fix/writeback_entry_activate_20260131_015405
writeback	Checkout	2026-02-04T18:19:28.2879128Z  * [new branch]      fix/writeback_generate_with_compiler_20260131_021313 -> origin/fix/writeback_generate_with_compiler_20260131_021313
writeback	Checkout	2026-02-04T18:19:28.2880649Z  * [new branch]      fix/writeback_handoff_bundle_exists_20260131_041528 -> origin/fix/writeback_handoff_bundle_exists_20260131_041528
writeback	Checkout	2026-02-04T18:19:28.2882080Z  * [new branch]      fix/yaml311_writeback_dispatch_20260131_000136 -> origin/fix/yaml311_writeback_dispatch_20260131_000136
writeback	Checkout	2026-02-04T18:19:28.2883364Z  * [new branch]      fix/yaml_parse_recover_20260202_011440 -> origin/fix/yaml_parse_recover_20260202_011440
writeback	Checkout	2026-02-04T18:19:28.2884360Z  * [new branch]      handoff-trigger         -> origin/handoff-trigger
writeback	Checkout	2026-02-04T18:19:28.2885478Z  * [new branch]      hotfix/revert_pr1505/20260201_023948 -> origin/hotfix/revert_pr1505/20260201_023948
writeback	Checkout	2026-02-04T18:19:28.2886399Z  * [new branch]      main                    -> origin/main
writeback	Checkout	2026-02-04T18:19:28.2887243Z  * [new branch]      mep/add-business-sample_temp -> origin/mep/add-business-sample_temp
writeback	Checkout	2026-02-04T18:19:28.2888187Z  * [new branch]      mep/add-glossary-card   -> origin/mep/add-glossary-card
writeback	Checkout	2026-02-04T18:19:28.2889191Z  * [new branch]      mep/adopt-bundle-evidence-append -> origin/mep/adopt-bundle-evidence-append
writeback	Checkout	2026-02-04T18:19:28.2890472Z  * [new branch]      mep/adopt-bundle-evidence-append-only -> origin/mep/adopt-bundle-evidence-append-only
writeback	Checkout	2026-02-04T18:19:28.2891583Z  * [new branch]      mep/backups-20260107-023020 -> origin/mep/backups-20260107-023020
writeback	Checkout	2026-02-04T18:19:28.2892926Z  * [new branch]      mep/bundle-append-business-done-definition_20260123_211943 -> origin/mep/bundle-append-business-done-definition_20260123_211943
writeback	Checkout	2026-02-04T18:19:28.2894679Z  * [new branch]      mep/bundle-append-yorisoidou-workitem-ref_20260123_212705 -> origin/mep/bundle-append-yorisoidou-workitem-ref_20260123_212705
writeback	Checkout	2026-02-04T18:19:28.2896320Z  * [new branch]      mep/chat-packet-min-stabilize-20260104-185742 -> origin/mep/chat-packet-min-stabilize-20260104-185742
writeback	Checkout	2026-02-04T18:19:28.2897471Z  * [new branch]      mep/evidence-ops-card   -> origin/mep/evidence-ops-card
writeback	Checkout	2026-02-04T18:19:28.2898713Z  * [new branch]      mep/fix-chat-packet-min-parsererror-20260104-200805 -> origin/mep/fix-chat-packet-min-parsererror-20260104-200805
writeback	Checkout	2026-02-04T18:19:28.2900331Z  * [new branch]      mep/idea-integration-timing-contract-20260104-190142 -> origin/mep/idea-integration-timing-contract-20260104-190142
writeback	Checkout	2026-02-04T18:19:28.2901952Z  * [new branch]      mep/packet-dynamic-trigger-variants-20260104-193501 -> origin/mep/packet-dynamic-trigger-variants-20260104-193501
writeback	Checkout	2026-02-04T18:19:28.2903393Z  * [new branch]      ops/chat-packet-lf-only-20260104-155320 -> origin/ops/chat-packet-lf-only-20260104-155320
writeback	Checkout	2026-02-04T18:19:28.2904606Z  * [new branch]      ops/noise-rules-fix-20260104-155715 -> origin/ops/noise-rules-fix-20260104-155715
writeback	Checkout	2026-02-04T18:19:28.2905861Z  * [new branch]      ops/record_mep_contract_20260107_223812 -> origin/ops/record_mep_contract_20260107_223812
writeback	Checkout	2026-02-04T18:19:28.2907123Z  * [new branch]      ops/rule-fix-atomic-json-20260104-160515 -> origin/ops/rule-fix-atomic-json-20260104-160515
writeback	Checkout	2026-02-04T18:19:28.2908425Z  * [new branch]      preserve/crash_backup_20260107015131 -> origin/preserve/crash_backup_20260107015131
writeback	Checkout	2026-02-04T18:19:28.2909696Z  * [new branch]      preserve/mep_handoff_variants_20260107014140 -> origin/preserve/mep_handoff_variants_20260107014140
writeback	Checkout	2026-02-04T18:19:28.2910862Z  * [new branch]      recheck/pr-619-20260107015233 -> origin/recheck/pr-619-20260107015233
writeback	Checkout	2026-02-04T18:19:28.2912141Z  * [new branch]      recovery-auto-20260106-232022-crash-20260106-233201 -> origin/recovery-auto-20260106-232022-crash-20260106-233201
writeback	Checkout	2026-02-04T18:19:28.2913340Z  * [new branch]      restore-master-spec     -> origin/restore-master-spec
writeback	Checkout	2026-02-04T18:19:28.2914280Z  * [new branch]      restore/backup-20260107-025822 -> origin/restore/backup-20260107-025822
writeback	Checkout	2026-02-04T18:19:28.2915471Z  * [new branch]      restore/master_spec/07f023a -> origin/restore/master_spec/07f023a
writeback	Checkout	2026-02-04T18:19:28.2916691Z  * [new branch]      restore/master_spec_from_b7a60dea_20260107032707 -> origin/restore/master_spec_from_b7a60dea_20260107032707
writeback	Checkout	2026-02-04T18:19:28.2918027Z  * [new branch]      revert/main-directpush_20260201_154552 -> origin/revert/main-directpush_20260201_154552
writeback	Checkout	2026-02-04T18:19:28.2919046Z  * [new branch]      revert/pr-1062          -> origin/revert/pr-1062
writeback	Checkout	2026-02-04T18:19:28.2919918Z  * [new branch]      revert/pr-619-20260107014423 -> origin/revert/pr-619-20260107014423
writeback	Checkout	2026-02-04T18:19:28.2920912Z  * [new branch]      revert/pr-619-20260107014446 -> origin/revert/pr-619-20260107014446
writeback	Checkout	2026-02-04T18:19:28.2921861Z  * [new branch]      revert/pr-619-20260107014927 -> origin/revert/pr-619-20260107014927
writeback	Checkout	2026-02-04T18:19:28.2922844Z  * [new branch]      stash/import_0_20260129_013234 -> origin/stash/import_0_20260129_013234
writeback	Checkout	2026-02-04T18:19:28.2923869Z  * [new branch]      stash/import_1_20260129_013234 -> origin/stash/import_1_20260129_013234
writeback	Checkout	2026-02-04T18:19:28.2924865Z  * [new branch]      stash/import_4_20260129_013234 -> origin/stash/import_4_20260129_013234
writeback	Checkout	2026-02-04T18:19:28.2925990Z  * [new branch]      stash/import_5_20260129_013234 -> origin/stash/import_5_20260129_013234
writeback	Checkout	2026-02-04T18:19:28.2926995Z  * [new branch]      stash/import_7_20260129_013234 -> origin/stash/import_7_20260129_013234
writeback	Checkout	2026-02-04T18:19:28.2928241Z  * [new branch]      temp/push-writeback-probe_20260201_051933 -> origin/temp/push-writeback-probe_20260201_051933
writeback	Checkout	2026-02-04T18:19:28.2929625Z  * [new branch]      temp/push-writeback-probe_force_20260201_052138 -> origin/temp/push-writeback-probe_force_20260201_052138
writeback	Checkout	2026-02-04T18:19:28.2930910Z  * [new branch]      test/seed-mep-gate-20260103-062802 -> origin/test/seed-mep-gate-20260103-062802
writeback	Checkout	2026-02-04T18:19:28.2932170Z  * [new branch]      tools/add-progress-contract-20260204_014249 -> origin/tools/add-progress-contract-20260204_014249
writeback	Checkout	2026-02-04T18:19:28.2933501Z  * [new branch]      tools/entry-env-contract-20260204_030117 -> origin/tools/entry-env-contract-20260204_030117
writeback	Checkout	2026-02-04T18:19:28.2934907Z  * [new branch]      tools/entry-progress-env-wireup-20260204_032153 -> origin/tools/entry-progress-env-wireup-20260204_032153
writeback	Checkout	2026-02-04T18:19:28.2936462Z  * [new branch]      tools/entry-progress-env-wireup2-20260204_032546 -> origin/tools/entry-progress-env-wireup2-20260204_032546
writeback	Checkout	2026-02-04T18:19:28.2938001Z  * [new branch]      tools/fix-mep-chat-packet-min-scope-20260104-200340 -> origin/tools/fix-mep-chat-packet-min-scope-20260104-200340
writeback	Checkout	2026-02-04T18:19:28.2939372Z  * [new branch]      tools/idea-capture-20260104-211626 -> origin/tools/idea-capture-20260104-211626
writeback	Checkout	2026-02-04T18:19:28.2940575Z  * [new branch]      tools/mep-fix-param-top-20260103-215224 -> origin/tools/mep-fix-param-top-20260103-215224
writeback	Checkout	2026-02-04T18:19:28.2941894Z  * [new branch]      tools/mep-handoff-oneliner-20260103-171959 -> origin/tools/mep-handoff-oneliner-20260103-171959
writeback	Checkout	2026-02-04T18:19:28.2943194Z  * [new branch]      tools/mep-idea-receipt-20260103-214537 -> origin/tools/mep-idea-receipt-20260103-214537
writeback	Checkout	2026-02-04T18:19:28.2944594Z  * [new branch]      tools/mep-idea-ux-and-no-stockpile-20260103-212835 -> origin/tools/mep-idea-ux-and-no-stockpile-20260103-212835
writeback	Checkout	2026-02-04T18:19:28.2946187Z  * [new branch]      ui/add-phase1-flow-markers-20260104-205931 -> origin/ui/add-phase1-flow-markers-20260104-205931
writeback	Checkout	2026-02-04T18:19:28.2947488Z  * [new branch]      ui/alert-label-display-20260104-194620 -> origin/ui/alert-label-display-20260104-194620
writeback	Checkout	2026-02-04T18:19:28.2948703Z  * [new branch]      ui/expense-ui-master-20260104-052304 -> origin/ui/expense-ui-master-20260104-052304
writeback	Checkout	2026-02-04T18:19:28.2949862Z  * [new branch]      ui/expense-ui-spec-20260104-052334 -> origin/ui/expense-ui-spec-20260104-052334
writeback	Checkout	2026-02-04T18:19:28.2951095Z  * [new branch]      ui/issue-dispatch-observe-20260104-191235 -> origin/ui/issue-dispatch-observe-20260104-191235
writeback	Checkout	2026-02-04T18:19:28.2952443Z  * [new branch]      ui/issue-dispatch-skeleton-20260104-190721 -> origin/ui/issue-dispatch-skeleton-20260104-190721
writeback	Checkout	2026-02-04T18:19:28.2953683Z  * [new branch]      ui/order-ui-master-20260104-050304 -> origin/ui/order-ui-master-20260104-050304
writeback	Checkout	2026-02-04T18:19:28.2954789Z  * [new branch]      ui/order-ui-spec-20260104-050613 -> origin/ui/order-ui-spec-20260104-050613
writeback	Checkout	2026-02-04T18:19:28.2956092Z  * [new branch]      ui/parts-ui-master-20260104-051901 -> origin/ui/parts-ui-master-20260104-051901
writeback	Checkout	2026-02-04T18:19:28.2957227Z  * [new branch]      ui/parts-ui-spec-20260104-052140 -> origin/ui/parts-ui-spec-20260104-052140
writeback	Checkout	2026-02-04T18:19:28.2958459Z  * [new branch]      ui/request-open-list-flow-20260104-202848 -> origin/ui/request-open-list-flow-20260104-202848
writeback	Checkout	2026-02-04T18:19:28.2959683Z  * [new branch]      ui/work-ui-master-20260104-051037 -> origin/ui/work-ui-master-20260104-051037
writeback	Checkout	2026-02-04T18:19:28.2960791Z  * [new branch]      ui/work-ui-master-20260104-051204 -> origin/ui/work-ui-master-20260104-051204
writeback	Checkout	2026-02-04T18:19:28.2961861Z  * [new branch]      ui/work-ui-spec-20260104-051311 -> origin/ui/work-ui-spec-20260104-051311
writeback	Checkout	2026-02-04T18:19:28.2963197Z  * [new branch]      ux-rooftop/enable-dispatch-fullauto-20260110-192521 -> origin/ux-rooftop/enable-dispatch-fullauto-20260110-192521
writeback	Checkout	2026-02-04T18:19:28.2964509Z  * [new branch]      wip/business-spec-from-stash -> origin/wip/business-spec-from-stash
writeback	Checkout	2026-02-04T18:19:28.2965868Z  * [new branch]      work/chat-packet-human-20260103-162222 -> origin/work/chat-packet-human-20260103-162222
writeback	Checkout	2026-02-04T18:19:28.2967164Z  * [new branch]      work/chat-packet-reissue-20260103-161638 -> origin/work/chat-packet-reissue-20260103-161638
writeback	Checkout	2026-02-04T18:19:28.2968364Z  * [new branch]      work/idea-capture-20260103-215353 -> origin/work/idea-capture-20260103-215353
writeback	Checkout	2026-02-04T18:19:28.2969475Z  * [new branch]      work/idea-capture-20260103-220645 -> origin/work/idea-capture-20260103-220645
writeback	Checkout	2026-02-04T18:19:28.2970586Z  * [new branch]      work/idea-capture-20260104-184000 -> origin/work/idea-capture-20260104-184000
writeback	Checkout	2026-02-04T18:19:28.2971705Z  * [new branch]      work/idea-finalize-20260103-220329 -> origin/work/idea-finalize-20260103-220329
writeback	Checkout	2026-02-04T18:19:28.2972824Z  * [new branch]      work/idea-receipt-20260103-220025 -> origin/work/idea-receipt-20260103-220025
writeback	Checkout	2026-02-04T18:19:28.2973927Z  * [new branch]      work/mep-doc-link-20260103-152129 -> origin/work/mep-doc-link-20260103-152129
writeback	Checkout	2026-02-04T18:19:28.2975530Z  * [new tag]         archive/writeback_bundle_21524401201_1_20260130_172010_637b973_20260202_040645 -> archive/writeback_bundle_21524401201_1_20260130_172010_637b973_20260202_040645
writeback	Checkout	2026-02-04T18:19:28.2977060Z  * [new tag]         backup/recovery-f0e7624_20260107011639 -> backup/recovery-f0e7624_20260107011639
writeback	Checkout	2026-02-04T18:19:28.2978063Z  * [new tag]         restore-backup/20260107025209 -> restore-backup/20260107025209
writeback	Checkout	2026-02-04T18:19:28.2979861Z [command]/usr/bin/git branch --list --remote origin/main
writeback	Checkout	2026-02-04T18:19:28.2980469Z   origin/main
writeback	Checkout	2026-02-04T18:19:28.2981492Z [command]/usr/bin/git rev-parse refs/remotes/origin/main
writeback	Checkout	2026-02-04T18:19:28.2982136Z 0f766103d6cccc33d0556e6e93d36cf32dc6b039
writeback	Checkout	2026-02-04T18:19:28.2983485Z ##[endgroup]
writeback	Checkout	2026-02-04T18:19:28.2984166Z ##[group]Determining the checkout info
writeback	Checkout	2026-02-04T18:19:28.2985126Z ##[endgroup]
writeback	Checkout	2026-02-04T18:19:28.2985578Z [command]/usr/bin/git sparse-checkout disable
writeback	Checkout	2026-02-04T18:19:28.2986898Z [command]/usr/bin/git config --local --unset-all extensions.worktreeConfig
writeback	Checkout	2026-02-04T18:19:28.2988397Z ##[group]Checking out the ref
writeback	Checkout	2026-02-04T18:19:28.2989116Z [command]/usr/bin/git checkout --progress --force -B main refs/remotes/origin/main
writeback	Checkout	2026-02-04T18:19:28.3012372Z Switched to a new branch 'main'
writeback	Checkout	2026-02-04T18:19:28.3013433Z branch 'main' set up to track 'origin/main'.
writeback	Checkout	2026-02-04T18:19:28.3022511Z ##[endgroup]
writeback	Checkout	2026-02-04T18:19:28.3054565Z [command]/usr/bin/git log -1 --format=%H
writeback	Checkout	2026-02-04T18:19:28.3073820Z 0f766103d6cccc33d0556e6e93d36cf32dc6b039
writeback	Configure git identity	﻿2026-02-04T18:19:28.3235630Z ##[group]Run git config user.name  "github-actions[bot]"
writeback	Configure git identity	2026-02-04T18:19:28.3236486Z [36;1mgit config user.name  "github-actions[bot]"[0m
writeback	Configure git identity	2026-02-04T18:19:28.3237301Z [36;1mgit config user.email "github-actions[bot]@users.noreply.github.com"[0m
writeback	Configure git identity	2026-02-04T18:19:28.3260502Z shell: /usr/bin/bash --noprofile --norc -e -o pipefail {0}
writeback	Configure git identity	2026-02-04T18:19:28.3261201Z ##[endgroup]
writeback	Resolve PR number	﻿2026-02-04T18:19:28.3413774Z ##[group]Run set -euo pipefail
writeback	Resolve PR number	2026-02-04T18:19:28.3414394Z [36;1mset -euo pipefail[0m
writeback	Resolve PR number	2026-02-04T18:19:28.3414876Z [36;1mPR_IN="0"[0m
writeback	Resolve PR number	2026-02-04T18:19:28.3415764Z [36;1mif [ -z "${PR_IN}" ]; then PR_IN="0"; fi[0m
writeback	Resolve PR number	2026-02-04T18:19:28.3416368Z [36;1mif [ "${PR_IN}" = "0" ]; then[0m
writeback	Resolve PR number	2026-02-04T18:19:28.3417658Z [36;1mPR_IN="$(gh api "repos/${GITHUB_REPOSITORY}/pulls?state=closed&sort=updated&direction=desc&per_page=50" --jq '[.[] | select(.merged_at!=null and .base.ref=="main")][0].number')"[0m
writeback	Resolve PR number	2026-02-04T18:19:28.3418894Z [36;1mfi[0m
writeback	Resolve PR number	2026-02-04T18:19:28.3419382Z [36;1mif [ -z "${PR_IN}" ] || [ "${PR_IN}" = "null" ]; then[0m
writeback	Resolve PR number	2026-02-04T18:19:28.3420028Z [36;1mecho "[NG] failed to resolve PR number"[0m
writeback	Resolve PR number	2026-02-04T18:19:28.3420585Z [36;1mexit 2[0m
writeback	Resolve PR number	2026-02-04T18:19:28.3420960Z [36;1mfi[0m
writeback	Resolve PR number	2026-02-04T18:19:28.3421419Z [36;1mecho "PR_NUMBER=${PR_IN}" >> "${GITHUB_ENV}"[0m
writeback	Resolve PR number	2026-02-04T18:19:28.3422012Z [36;1mecho "[OK] PR_NUMBER=${PR_IN}"[0m
writeback	Resolve PR number	2026-02-04T18:19:28.3439663Z shell: /usr/bin/bash --noprofile --norc -e -o pipefail {0}
writeback	Resolve PR number	2026-02-04T18:19:28.3440449Z env:
writeback	Resolve PR number	2026-02-04T18:19:28.3441052Z   GH_TOKEN: ***
writeback	Resolve PR number	2026-02-04T18:19:28.3441449Z ##[endgroup]
writeback	Resolve PR number	2026-02-04T18:19:29.2527094Z [OK] PR_NUMBER=1809
writeback	Bump Bundled version (parent)	﻿2026-02-04T18:19:29.2597030Z ##[group]Run pwsh -NoProfile -File tools/mep_bump_bundle_version.ps1 -BundlePath "docs/MEP/MEP_BUNDLE.md"
writeback	Bump Bundled version (parent)	2026-02-04T18:19:29.2600053Z [36;1mpwsh -NoProfile -File tools/mep_bump_bundle_version.ps1 -BundlePath "docs/MEP/MEP_BUNDLE.md"[0m
writeback	Bump Bundled version (parent)	2026-02-04T18:19:29.2639620Z shell: /usr/bin/pwsh -command ". '{0}'"
writeback	Bump Bundled version (parent)	2026-02-04T18:19:29.2640875Z env:
writeback	Bump Bundled version (parent)	2026-02-04T18:19:29.2641730Z   PR_NUMBER: 1809
writeback	Bump Bundled version (parent)	2026-02-04T18:19:29.2642675Z ##[endgroup]
writeback	Bump Bundled version (parent)	2026-02-04T18:19:38.5008796Z UPDATED: docs/MEP/MEP_BUNDLE.md
writeback	Bump Bundled version (parent)	2026-02-04T18:19:38.5009503Z - BUNDLE_VERSION = v0.0.0+20260204_181938+main_0f76610
writeback	Append full evidence line into parent Bundled	﻿2026-02-04T18:19:39.2580963Z ##[group]Run pwsh -NoProfile -File tools/mep_append_evidence_line_full.ps1 -PrNumber 1809 -BundlePath "docs/MEP/MEP_BUNDLE.md"
writeback	Append full evidence line into parent Bundled	2026-02-04T18:19:39.2581817Z [36;1mpwsh -NoProfile -File tools/mep_append_evidence_line_full.ps1 -PrNumber 1809 -BundlePath "docs/MEP/MEP_BUNDLE.md"[0m
writeback	Append full evidence line into parent Bundled	2026-02-04T18:19:39.2603024Z shell: /usr/bin/pwsh -command ". '{0}'"
writeback	Append full evidence line into parent Bundled	2026-02-04T18:19:39.2603321Z env:
writeback	Append full evidence line into parent Bundled	2026-02-04T18:19:39.2603502Z   PR_NUMBER: 1809
writeback	Append full evidence line into parent Bundled	2026-02-04T18:19:39.2604008Z   GH_TOKEN: ***
writeback	Append full evidence line into parent Bundled	2026-02-04T18:19:39.2604237Z ##[endgroup]
writeback	Append full evidence line into parent Bundled	2026-02-04T18:19:40.7691180Z [INFO] Appended full evidence for PR #1809 -> docs/MEP/MEP_BUNDLE.md
writeback	Ensure writeback PR (helper)	﻿2026-02-04T18:19:41.3301340Z ##[group]Run Set-StrictMode -Version Latest
writeback	Ensure writeback PR (helper)	2026-02-04T18:19:41.3301719Z [36;1mSet-StrictMode -Version Latest[0m
writeback	Ensure writeback PR (helper)	2026-02-04T18:19:41.3301981Z [36;1m$ErrorActionPreference = "Stop"[0m
writeback	Ensure writeback PR (helper)	2026-02-04T18:19:41.3302297Z [36;1mfunction Info([string]$m){ Write-Host ("[INFO] {0}" -f $m) }[0m
writeback	Ensure writeback PR (helper)	2026-02-04T18:19:41.3302688Z [36;1mfunction Warn([string]$m){ Write-Host ("[WARN] {0}" -f $m) }[0m
writeback	Ensure writeback PR (helper)	2026-02-04T18:19:41.3303068Z [36;1m$head = (git rev-parse --abbrev-ref HEAD).Trim()[0m
writeback	Ensure writeback PR (helper)	2026-02-04T18:19:41.3303341Z [36;1mInfo ("HEAD=" + $head)[0m
writeback	Ensure writeback PR (helper)	2026-02-04T18:19:41.3303592Z [36;1m$repo = $env:GITHUB_REPOSITORY[0m
writeback	Ensure writeback PR (helper)	2026-02-04T18:19:41.3303893Z [36;1m$runId = $env:GITHUB_RUN_ID; if (-not $runId) { $runId = "0" }[0m
writeback	Ensure writeback PR (helper)	2026-02-04T18:19:41.3304341Z [36;1m$runUrl = ("{0}/{1}/actions/runs/{2}" -f $env:GITHUB_SERVER_URL, $repo, $env:GITHUB_RUN_ID)[0m
writeback	Ensure writeback PR (helper)	2026-02-04T18:19:41.3304702Z [36;1m[0m
writeback	Ensure writeback PR (helper)	2026-02-04T18:19:41.3305379Z [36;1m# If not on auto/writeback-bundle_* and working tree dirty, create writeback branch and push bundle-only commit[0m
writeback	Ensure writeback PR (helper)	2026-02-04T18:19:41.3306198Z [36;1mif ($head -notlike "auto/writeback-bundle_*") {[0m
writeback	Ensure writeback PR (helper)	2026-02-04T18:19:41.3306593Z [36;1m  $dirty = (git status --porcelain).Trim()[0m
writeback	Ensure writeback PR (helper)	2026-02-04T18:19:41.3306964Z [36;1m  if (-not $dirty) { Info "Working tree clean; nothing to write back."; exit 0 }[0m
writeback	Ensure writeback PR (helper)	2026-02-04T18:19:41.3307352Z [36;1m  $ts = (Get-Date -Format "yyyyMMdd_HHmmss")[0m
writeback	Ensure writeback PR (helper)	2026-02-04T18:19:41.3307747Z [36;1m  $newHead = ("auto/writeback-bundle_{0}_{1}_{2}" -f $runId, $env:PR_NUMBER, $ts)[0m
writeback	Ensure writeback PR (helper)	2026-02-04T18:19:41.3308125Z [36;1m  Info ("Create branch: " + $newHead)[0m
writeback	Ensure writeback PR (helper)	2026-02-04T18:19:41.3308408Z [36;1m  git switch -c $newHead | Out-Null[0m
writeback	Ensure writeback PR (helper)	2026-02-04T18:19:41.3308695Z [36;1m  git add -- "docs/MEP/MEP_BUNDLE.md" | Out-Null[0m
writeback	Ensure writeback PR (helper)	2026-02-04T18:19:41.3308992Z [36;1m  if ((git status --porcelain).Trim()) {[0m
writeback	Ensure writeback PR (helper)	2026-02-04T18:19:41.3309417Z [36;1m    $msg = ("chore(mep): writeback bundle evidence (PR #{0}) (run {1})" -f $env:PR_NUMBER, $runId)[0m
writeback	Ensure writeback PR (helper)	2026-02-04T18:19:41.3309822Z [36;1m    git commit -m $msg | Out-Null[0m
writeback	Ensure writeback PR (helper)	2026-02-04T18:19:41.3310090Z [36;1m    git push -u origin $newHead | Out-Null[0m
writeback	Ensure writeback PR (helper)	2026-02-04T18:19:41.3310326Z [36;1m  }[0m
writeback	Ensure writeback PR (helper)	2026-02-04T18:19:41.3310496Z [36;1m  $head = $newHead[0m
writeback	Ensure writeback PR (helper)	2026-02-04T18:19:41.3310698Z [36;1m  Info ("HEAD=" + $head)[0m
writeback	Ensure writeback PR (helper)	2026-02-04T18:19:41.3310903Z [36;1m}[0m
writeback	Ensure writeback PR (helper)	2026-02-04T18:19:41.3311060Z [36;1m[0m
writeback	Ensure writeback PR (helper)	2026-02-04T18:19:41.3311363Z [36;1m# Set required checks status contexts on writeback head (avoid "no checks" deadlock)[0m
writeback	Ensure writeback PR (helper)	2026-02-04T18:19:41.3311758Z [36;1m$sha = (git rev-parse HEAD).Trim()[0m
writeback	Ensure writeback PR (helper)	2026-02-04T18:19:41.3312200Z [36;1mInfo ("writeback head sha=" + $sha)[0m
writeback	Ensure writeback PR (helper)	2026-02-04T18:19:41.3312485Z [36;1m$ep = ("repos/{0}/statuses/{1}" -f $repo, $sha)[0m
writeback	Ensure writeback PR (helper)	2026-02-04T18:19:41.3312764Z [36;1mfunction SetStatus([string]$context){[0m
writeback	Ensure writeback PR (helper)	2026-02-04T18:19:41.3313014Z [36;1m  try {[0m
writeback	Ensure writeback PR (helper)	2026-02-04T18:19:41.3313258Z [36;1m    [string]$ep = ("repos/{0}/statuses/{1}" -f $repo, $sha)[0m
writeback	Ensure writeback PR (helper)	2026-02-04T18:19:41.3313637Z [36;1m    Info ("status endpoint=" + $ep + " type=" + $ep.GetType().FullName)[0m
writeback	Ensure writeback PR (helper)	2026-02-04T18:19:41.3314033Z [36;1m    $desc = ("writeback ok (run {0})" -f $env:GITHUB_RUN_ID)[0m
writeback	Ensure writeback PR (helper)	2026-02-04T18:19:41.3314589Z [36;1m    $out = & gh api -X POST "$ep" -f "state=success" -f ("context=" + $context) -f ("description=" + $desc) -f ("target_url=" + $runUrl) 2>&1[0m
writeback	Ensure writeback PR (helper)	2026-02-04T18:19:41.3315277Z [36;1m    if($LASTEXITCODE -ne 0){[0m
writeback	Ensure writeback PR (helper)	2026-02-04T18:19:41.3315691Z [36;1m      throw ("gh api failed (exit={0}) context={1} output={2}" -f $LASTEXITCODE,$context,($out -join " "))[0m
writeback	Ensure writeback PR (helper)	2026-02-04T18:19:41.3316094Z [36;1m    }[0m
writeback	Ensure writeback PR (helper)	2026-02-04T18:19:41.3316295Z [36;1m    $json = $out | ConvertFrom-Json[0m
writeback	Ensure writeback PR (helper)	2026-02-04T18:19:41.3316653Z [36;1m    Info ("set status OK: " + $context + " state=" + $json.state + " url=" + $json.url)[0m
writeback	Ensure writeback PR (helper)	2026-02-04T18:19:41.3317014Z [36;1m  } catch {[0m
writeback	Ensure writeback PR (helper)	2026-02-04T18:19:41.3317224Z [36;1m    Warn ("set status FAILED: " + $context)[0m
writeback	Ensure writeback PR (helper)	2026-02-04T18:19:41.3317476Z [36;1m    throw[0m
writeback	Ensure writeback PR (helper)	2026-02-04T18:19:41.3317652Z [36;1m  }[0m
writeback	Ensure writeback PR (helper)	2026-02-04T18:19:41.3317954Z [36;1m}[0m
writeback	Ensure writeback PR (helper)	2026-02-04T18:19:41.3318239Z [36;1mSetStatus "Scope Guard (PR)"[0m
writeback	Ensure writeback PR (helper)	2026-02-04T18:19:41.3318518Z [36;1mSetStatus "business-non-interference-guard"[0m
writeback	Ensure writeback PR (helper)	2026-02-04T18:19:41.3318790Z [36;1m[0m
writeback	Ensure writeback PR (helper)	2026-02-04T18:19:41.3318997Z [36;1m# Ensure PR exists for head; create if missing[0m
writeback	Ensure writeback PR (helper)	2026-02-04T18:19:41.3319419Z [36;1m$exists = gh pr list --state open --head $head --json number --jq ".[0].number" 2>$null[0m
writeback	Ensure writeback PR (helper)	2026-02-04T18:19:41.3319928Z [36;1mif ($exists) { Info ("PR already exists for head " + $head + ": #" + $exists); exit 0 }[0m
writeback	Ensure writeback PR (helper)	2026-02-04T18:19:41.3320355Z [36;1m$title = ("Writeback bundle evidence ({0})" -f $head)[0m
writeback	Ensure writeback PR (helper)	2026-02-04T18:19:41.3320820Z [36;1m$body  = ("Automated writeback: created from branch {0} (run_id={1})" -f $head, $runId)[0m
writeback	Ensure writeback PR (helper)	2026-02-04T18:19:41.3321300Z [36;1m$url = gh pr create --title $title --body $body --base "main" --head $head[0m
writeback	Ensure writeback PR (helper)	2026-02-04T18:19:41.3321646Z [36;1mInfo ("Created PR: " + $url)[0m
writeback	Ensure writeback PR (helper)	2026-02-04T18:19:41.3341912Z shell: /usr/bin/pwsh -command ". '{0}'"
writeback	Ensure writeback PR (helper)	2026-02-04T18:19:41.3342192Z env:
writeback	Ensure writeback PR (helper)	2026-02-04T18:19:41.3342361Z   PR_NUMBER: 1809
writeback	Ensure writeback PR (helper)	2026-02-04T18:19:41.3342752Z   GH_TOKEN: ***
writeback	Ensure writeback PR (helper)	2026-02-04T18:19:41.3342933Z ##[endgroup]
writeback	Ensure writeback PR (helper)	2026-02-04T18:19:41.9782568Z [INFO] HEAD=main
writeback	Ensure writeback PR (helper)	2026-02-04T18:19:42.0105792Z [INFO] Create branch: auto/writeback-bundle_21683173836_1809_20260204_181942
writeback	Ensure writeback PR (helper)	2026-02-04T18:19:42.0173723Z Switched to a new branch 'auto/writeback-bundle_21683173836_1809_20260204_181942'
writeback	Ensure writeback PR (helper)	2026-02-04T18:19:43.0973641Z remote: 
writeback	Ensure writeback PR (helper)	2026-02-04T18:19:43.0976003Z remote: Create a pull request for 'auto/writeback-bundle_21683173836_1809_20260204_181942' on GitHub by visiting:        
writeback	Ensure writeback PR (helper)	2026-02-04T18:19:43.0977688Z remote:      https://github.com/Osuu-ops/yorisoidou-system/pull/new/auto/writeback-bundle_21683173836_1809_20260204_181942        
writeback	Ensure writeback PR (helper)	2026-02-04T18:19:43.0978744Z remote: 
writeback	Ensure writeback PR (helper)	2026-02-04T18:19:43.0991613Z To https://github.com/Osuu-ops/yorisoidou-system
writeback	Ensure writeback PR (helper)	2026-02-04T18:19:43.0992910Z  * [new branch]      auto/writeback-bundle_21683173836_1809_20260204_181942 -> auto/writeback-bundle_21683173836_1809_20260204_181942
writeback	Ensure writeback PR (helper)	2026-02-04T18:19:43.1051088Z [INFO] HEAD=auto/writeback-bundle_21683173836_1809_20260204_181942
writeback	Ensure writeback PR (helper)	2026-02-04T18:19:43.1121062Z [INFO] writeback head sha=77fe684853161df006962533ca7350b06951d54f
writeback	Ensure writeback PR (helper)	2026-02-04T18:19:43.1240223Z [INFO] status endpoint=repos/Osuu-ops/yorisoidou-system/statuses/77fe684853161df006962533ca7350b06951d54f type=System.String
writeback	Ensure writeback PR (helper)	2026-02-04T18:19:43.5678713Z [INFO] set status OK: Scope Guard (PR) state=success url=https://api.github.com/repos/Osuu-ops/yorisoidou-system/statuses/77fe684853161df006962533ca7350b06951d54f
writeback	Ensure writeback PR (helper)	2026-02-04T18:19:43.5682176Z [INFO] status endpoint=repos/Osuu-ops/yorisoidou-system/statuses/77fe684853161df006962533ca7350b06951d54f type=System.String
writeback	Ensure writeback PR (helper)	2026-02-04T18:19:44.0488276Z [INFO] set status OK: business-non-interference-guard state=success url=https://api.github.com/repos/Osuu-ops/yorisoidou-system/statuses/77fe684853161df006962533ca7350b06951d54f
writeback	Ensure writeback PR (helper)	2026-02-04T18:19:46.4619032Z [INFO] Created PR: https://github.com/Osuu-ops/yorisoidou-system/pull/1815
writeback	Post Checkout	﻿2026-02-04T18:19:46.5239005Z Post job cleanup.
writeback	Post Checkout	2026-02-04T18:19:46.6094300Z [command]/usr/bin/git version
writeback	Post Checkout	2026-02-04T18:19:46.6125820Z git version 2.52.0
writeback	Post Checkout	2026-02-04T18:19:46.6163403Z Temporarily overriding HOME='/home/runner/work/_temp/d7664e35-8cff-488e-81f7-d99a0df555aa' before making global git config changes
writeback	Post Checkout	2026-02-04T18:19:46.6164843Z Adding repository directory to the temporary git global config as a safe directory
writeback	Post Checkout	2026-02-04T18:19:46.6168548Z [command]/usr/bin/git config --global --add safe.directory /home/runner/work/yorisoidou-system/yorisoidou-system
writeback	Post Checkout	2026-02-04T18:19:46.6198989Z [command]/usr/bin/git config --local --name-only --get-regexp core\.sshCommand
writeback	Post Checkout	2026-02-04T18:19:46.6225191Z [command]/usr/bin/git submodule foreach --recursive sh -c "git config --local --name-only --get-regexp 'core\.sshCommand' && git config --local --unset-all 'core.sshCommand' || :"
writeback	Post Checkout	2026-02-04T18:19:46.6405430Z [command]/usr/bin/git config --local --name-only --get-regexp http\.https\:\/\/github\.com\/\.extraheader
writeback	Post Checkout	2026-02-04T18:19:46.6423809Z http.https://github.com/.extraheader
writeback	Post Checkout	2026-02-04T18:19:46.6433986Z [command]/usr/bin/git config --local --unset-all http.https://github.com/.extraheader
writeback	Post Checkout	2026-02-04T18:19:46.6458384Z [command]/usr/bin/git submodule foreach --recursive sh -c "git config --local --name-only --get-regexp 'http\.https\:\/\/github\.com\/\.extraheader' && git config --local --unset-all 'http.https://github.com/.extraheader' || :"
writeback	Post Checkout	2026-02-04T18:19:46.6628224Z [command]/usr/bin/git config --local --name-only --get-regexp ^includeIf\.gitdir:
writeback	Post Checkout	2026-02-04T18:19:46.6653337Z [command]/usr/bin/git submodule foreach --recursive git config --local --show-origin --name-only --get-regexp remote.origin.url
writeback	Complete job	﻿2026-02-04T18:19:46.6916379Z Cleaning up orphan processes

